Archive member included to satisfy reference by file (symbol)

c:/st/stm32cubeide_1.11.0/stm32cubeide/plugins/com.st.stm32cube.ide.mcu.externaltools.gnu-tools-for-stm32.10.3-2021.10.win32_1.0.100.202210260954/tools/bin/../lib/gcc/arm-none-eabi/10.3.1/../../../../arm-none-eabi/lib/thumb/v7e-m/nofp\libc_nano.a(lib_a-errno.o)
                              ./Core/Src/syscalls.o (__errno)
c:/st/stm32cubeide_1.11.0/stm32cubeide/plugins/com.st.stm32cube.ide.mcu.externaltools.gnu-tools-for-stm32.10.3-2021.10.win32_1.0.100.202210260954/tools/bin/../lib/gcc/arm-none-eabi/10.3.1/../../../../arm-none-eabi/lib/thumb/v7e-m/nofp\libc_nano.a(lib_a-exit.o)
                              c:/st/stm32cubeide_1.11.0/stm32cubeide/plugins/com.st.stm32cube.ide.mcu.externaltools.gnu-tools-for-stm32.10.3-2021.10.win32_1.0.100.202210260954/tools/bin/../lib/gcc/arm-none-eabi/10.3.1/../../../../arm-none-eabi/lib/thumb/v7e-m/nofp/crt0.o (exit)
c:/st/stm32cubeide_1.11.0/stm32cubeide/plugins/com.st.stm32cube.ide.mcu.externaltools.gnu-tools-for-stm32.10.3-2021.10.win32_1.0.100.202210260954/tools/bin/../lib/gcc/arm-none-eabi/10.3.1/../../../../arm-none-eabi/lib/thumb/v7e-m/nofp\libc_nano.a(lib_a-findfp.o)
                              ./Middlewares/Third_Party/FreeRTOS/Source/tasks.o (__sf_fake_stderr)
c:/st/stm32cubeide_1.11.0/stm32cubeide/plugins/com.st.stm32cube.ide.mcu.externaltools.gnu-tools-for-stm32.10.3-2021.10.win32_1.0.100.202210260954/tools/bin/../lib/gcc/arm-none-eabi/10.3.1/../../../../arm-none-eabi/lib/thumb/v7e-m/nofp\libc_nano.a(lib_a-fwalk.o)
                              c:/st/stm32cubeide_1.11.0/stm32cubeide/plugins/com.st.stm32cube.ide.mcu.externaltools.gnu-tools-for-stm32.10.3-2021.10.win32_1.0.100.202210260954/tools/bin/../lib/gcc/arm-none-eabi/10.3.1/../../../../arm-none-eabi/lib/thumb/v7e-m/nofp\libc_nano.a(lib_a-findfp.o) (_fwalk)
c:/st/stm32cubeide_1.11.0/stm32cubeide/plugins/com.st.stm32cube.ide.mcu.externaltools.gnu-tools-for-stm32.10.3-2021.10.win32_1.0.100.202210260954/tools/bin/../lib/gcc/arm-none-eabi/10.3.1/../../../../arm-none-eabi/lib/thumb/v7e-m/nofp\libc_nano.a(lib_a-impure.o)
                              c:/st/stm32cubeide_1.11.0/stm32cubeide/plugins/com.st.stm32cube.ide.mcu.externaltools.gnu-tools-for-stm32.10.3-2021.10.win32_1.0.100.202210260954/tools/bin/../lib/gcc/arm-none-eabi/10.3.1/../../../../arm-none-eabi/lib/thumb/v7e-m/nofp\libc_nano.a(lib_a-exit.o) (_global_impure_ptr)
c:/st/stm32cubeide_1.11.0/stm32cubeide/plugins/com.st.stm32cube.ide.mcu.externaltools.gnu-tools-for-stm32.10.3-2021.10.win32_1.0.100.202210260954/tools/bin/../lib/gcc/arm-none-eabi/10.3.1/../../../../arm-none-eabi/lib/thumb/v7e-m/nofp\libc_nano.a(lib_a-init.o)
                              c:/st/stm32cubeide_1.11.0/stm32cubeide/plugins/com.st.stm32cube.ide.mcu.externaltools.gnu-tools-for-stm32.10.3-2021.10.win32_1.0.100.202210260954/tools/bin/../lib/gcc/arm-none-eabi/10.3.1/../../../../arm-none-eabi/lib/thumb/v7e-m/nofp/crt0.o (__libc_init_array)
c:/st/stm32cubeide_1.11.0/stm32cubeide/plugins/com.st.stm32cube.ide.mcu.externaltools.gnu-tools-for-stm32.10.3-2021.10.win32_1.0.100.202210260954/tools/bin/../lib/gcc/arm-none-eabi/10.3.1/../../../../arm-none-eabi/lib/thumb/v7e-m/nofp\libc_nano.a(lib_a-lock.o)
                              c:/st/stm32cubeide_1.11.0/stm32cubeide/plugins/com.st.stm32cube.ide.mcu.externaltools.gnu-tools-for-stm32.10.3-2021.10.win32_1.0.100.202210260954/tools/bin/../lib/gcc/arm-none-eabi/10.3.1/../../../../arm-none-eabi/lib/thumb/v7e-m/nofp\libc_nano.a(lib_a-findfp.o) (__retarget_lock_init_recursive)
c:/st/stm32cubeide_1.11.0/stm32cubeide/plugins/com.st.stm32cube.ide.mcu.externaltools.gnu-tools-for-stm32.10.3-2021.10.win32_1.0.100.202210260954/tools/bin/../lib/gcc/arm-none-eabi/10.3.1/../../../../arm-none-eabi/lib/thumb/v7e-m/nofp\libc_nano.a(lib_a-memcpy-stub.o)
                              ./Core/Src/subghz.o (memcpy)
c:/st/stm32cubeide_1.11.0/stm32cubeide/plugins/com.st.stm32cube.ide.mcu.externaltools.gnu-tools-for-stm32.10.3-2021.10.win32_1.0.100.202210260954/tools/bin/../lib/gcc/arm-none-eabi/10.3.1/../../../../arm-none-eabi/lib/thumb/v7e-m/nofp\libc_nano.a(lib_a-memset.o)
                              c:/st/stm32cubeide_1.11.0/stm32cubeide/plugins/com.st.stm32cube.ide.mcu.externaltools.gnu-tools-for-stm32.10.3-2021.10.win32_1.0.100.202210260954/tools/bin/../lib/gcc/arm-none-eabi/10.3.1/../../../../arm-none-eabi/lib/thumb/v7e-m/nofp/crt0.o (memset)
c:/st/stm32cubeide_1.11.0/stm32cubeide/plugins/com.st.stm32cube.ide.mcu.externaltools.gnu-tools-for-stm32.10.3-2021.10.win32_1.0.100.202210260954/tools/bin/../lib/gcc/arm-none-eabi/10.3.1/../../../../arm-none-eabi/lib/thumb/v7e-m/nofp\libc_nano.a(lib_a-nano-mallocr.o)
[...]
Memory Configuration

Name             Origin             Length             Attributes
RAM              0x0000000020000000 0x0000000000010000 xrw
RAM2             0x0000000010000000 0x0000000000008000 xrw
FLASH            0x0000000008000000 0x0000000000040000 xr
*default*        0x0000000000000000 0xffffffffffffffff

Linker script and memory map

LOAD c:/st/stm32cubeide_1.11.0/stm32cubeide/plugins/com.st.stm32cube.ide.mcu.externaltools.gnu-tools-for-stm32.10.3-2021.10.win32_1.0.100.202210260954/tools/bin/../lib/gcc/arm-none-eabi/10.3.1/thumb/v7e-m/nofp/crti.o
LOAD c:/st/stm32cubeide_1.11.0/stm32cubeide/plugins/com.st.stm32cube.ide.mcu.externaltools.gnu-tools-for-stm32.10.3-2021.10.win32_1.0.100.202210260954/tools/bin/../lib/gcc/arm-none-eabi/10.3.1/thumb/v7e-m/nofp/crtbegin.o
LOAD c:/st/stm32cubeide_1.11.0/stm32cubeide/plugins/com.st.stm32cube.ide.mcu.externaltools.gnu-tools-for-stm32.10.3-2021.10.win32_1.0.100.202210260954/tools/bin/../lib/gcc/arm-none-eabi/10.3.1/../../../../arm-none-eabi/lib/thumb/v7e-m/nofp/crt0.o
LOAD ./Core/Src/aes.o
LOAD ./Core/Src/app_freertos.o
LOAD ./Core/Src/dma.o
LOAD ./Core/Src/gpio.o
LOAD ./Core/Src/main.o
LOAD ./Core/Src/stm32wlxx_hal_msp.o
LOAD ./Core/Src/stm32wlxx_hal_timebase_tim.o
LOAD ./Core/Src/stm32wlxx_it.o
LOAD ./Core/Src/subghz.o
LOAD ./Core/Src/syscalls.o
LOAD ./Core/Src/sysmem.o
LOAD ./Core/Src/system_stm32wlxx.o
LOAD ./Core/Src/usart.o
LOAD ./Core/Startup/startup_stm32wl55jcix.o
LOAD ./Drivers/BSP/STM32WLxx_Nucleo/stm32wlxx_nucleo.o
LOAD ./Drivers/BSP/STM32WLxx_Nucleo/stm32wlxx_nucleo_radio.o
LOAD ./Drivers/Radio/radio_board_if.o
LOAD ./Drivers/Radio/radio_driver.o
LOAD ./Drivers/STM32WLxx_HAL_Driver/Src/stm32wlxx_hal.o
LOAD ./Drivers/STM32WLxx_HAL_Driver/Src/stm32wlxx_hal_cortex.o
LOAD ./Drivers/STM32WLxx_HAL_Driver/Src/stm32wlxx_hal_cryp.o
LOAD ./Drivers/STM32WLxx_HAL_Driver/Src/stm32wlxx_hal_cryp_ex.o
LOAD ./Drivers/STM32WLxx_HAL_Driver/Src/stm32wlxx_hal_dma.o
LOAD ./Drivers/STM32WLxx_HAL_Driver/Src/stm32wlxx_hal_dma_ex.o
LOAD ./Drivers/STM32WLxx_HAL_Driver/Src/stm32wlxx_hal_exti.o
LOAD ./Drivers/STM32WLxx_HAL_Driver/Src/stm32wlxx_hal_flash.o
LOAD ./Drivers/STM32WLxx_HAL_Driver/Src/stm32wlxx_hal_flash_ex.o
LOAD ./Drivers/STM32WLxx_HAL_Driver/Src/stm32wlxx_hal_gpio.o
LOAD ./Drivers/STM32WLxx_HAL_Driver/Src/stm32wlxx_hal_pwr.o
LOAD ./Drivers/STM32WLxx_HAL_Driver/Src/stm32wlxx_hal_pwr_ex.o
LOAD ./Drivers/STM32WLxx_HAL_Driver/Src/stm32wlxx_hal_rcc.o
LOAD ./Drivers/STM32WLxx_HAL_Driver/Src/stm32wlxx_hal_rcc_ex.o
LOAD ./Drivers/STM32WLxx_HAL_Driver/Src/stm32wlxx_hal_subghz.o
LOAD ./Drivers/STM32WLxx_HAL_Driver/Src/stm32wlxx_hal_tim.o
LOAD ./Drivers/STM32WLxx_HAL_Driver/Src/stm32wlxx_hal_tim_ex.o
LOAD ./Drivers/STM32WLxx_HAL_Driver/Src/stm32wlxx_hal_uart.o
LOAD ./Drivers/STM32WLxx_HAL_Driver/Src/stm32wlxx_hal_uart_ex.o
LOAD ./Middlewares/Third_Party/FreeRTOS/Source/CMSIS_RTOS/cmsis_os.o
LOAD ./Middlewares/Third_Party/FreeRTOS/Source/croutine.o
LOAD ./Middlewares/Third_Party/FreeRTOS/Source/event_groups.o
LOAD ./Middlewares/Third_Party/FreeRTOS/Source/list.o
LOAD ./Middlewares/Third_Party/FreeRTOS/Source/queue.o
LOAD ./Middlewares/Third_Party/FreeRTOS/Source/stream_buffer.o
LOAD ./Middlewares/Third_Party/FreeRTOS/Source/tasks.o
LOAD ./Middlewares/Third_Party/FreeRTOS/Source/timers.o
LOAD ./Middlewares/Third_Party/FreeRTOS/Source/portable/GCC/ARM_CM3/port.o
LOAD ./Middlewares/Third_Party/FreeRTOS/Source/portable/MemMang/heap_4.o
LOAD ./Ultilities/misc/stm32_mem.o
START GROUP
LOAD c:/st/stm32cubeide_1.11.0/stm32cubeide/plugins/com.st.stm32cube.ide.mcu.externaltools.gnu-tools-for-stm32.10.3-2021.10.win32_1.0.100.202210260954/tools/bin/../lib/gcc/arm-none-eabi/10.3.1/../../../../arm-none-eabi/lib/thumb/v7e-m/nofp\libc_nano.a
LOAD c:/st/stm32cubeide_1.11.0/stm32cubeide/plugins/com.st.stm32cube.ide.mcu.externaltools.gnu-tools-for-stm32.10.3-2021.10.win32_1.0.100.202210260954/tools/bin/../lib/gcc/arm-none-eabi/10.3.1/../../../../arm-none-eabi/lib/thumb/v7e-m/nofp\libm.a
END GROUP
START GROUP
LOAD c:/st/stm32cubeide_1.11.0/stm32cubeide/plugins/com.st.stm32cube.ide.mcu.externaltools.gnu-tools-for-stm32.10.3-2021.10.win32_1.0.100.202210260954/tools/bin/../lib/gcc/arm-none-eabi/10.3.1/thumb/v7e-m/nofp\libgcc.a
LOAD c:/st/stm32cubeide_1.11.0/stm32cubeide/plugins/com.st.stm32cube.ide.mcu.externaltools.gnu-tools-for-stm32.10.3-2021.10.win32_1.0.100.202210260954/tools/bin/../lib/gcc/arm-none-eabi/10.3.1/../../../../arm-none-eabi/lib/thumb/v7e-m/nofp\libc_nano.a
END GROUP
START GROUP
LOAD c:/st/stm32cubeide_1.11.0/stm32cubeide/plugins/com.st.stm32cube.ide.mcu.externaltools.gnu-tools-for-stm32.10.3-2021.10.win32_1.0.100.202210260954/tools/bin/../lib/gcc/arm-none-eabi/10.3.1/thumb/v7e-m/nofp\libgcc.a
LOAD c:/st/stm32cubeide_1.11.0/stm32cubeide/plugins/com.st.stm32cube.ide.mcu.externaltools.gnu-tools-for-stm32.10.3-2021.10.win32_1.0.100.202210260954/tools/bin/../lib/gcc/arm-none-eabi/10.3.1/../../../../arm-none-eabi/lib/thumb/v7e-m/nofp\libc_nano.a
LOAD c:/st/stm32cubeide_1.11.0/stm32cubeide/plugins/com.st.stm32cube.ide.mcu.externaltools.gnu-tools-for-stm32.10.3-2021.10.win32_1.0.100.202210260954/tools/bin/../lib/gcc/arm-none-eabi/10.3.1/../../../../arm-none-eabi/lib/thumb/v7e-m/nofp\libnosys.a
END GROUP
START GROUP
LOAD c:/st/stm32cubeide_1.11.0/stm32cubeide/plugins/com.st.stm32cube.ide.mcu.externaltools.gnu-tools-for-stm32.10.3-2021.10.win32_1.0.100.202210260954/tools/bin/../lib/gcc/arm-none-eabi/10.3.1/thumb/v7e-m/nofp\libgcc.a
LOAD c:/st/stm32cubeide_1.11.0/stm32cubeide/plugins/com.st.stm32cube.ide.mcu.externaltools.gnu-tools-for-stm32.10.3-2021.10.win32_1.0.100.202210260954/tools/bin/../lib/gcc/arm-none-eabi/10.3.1/../../../../arm-none-eabi/lib/thumb/v7e-m/nofp\libc_nano.a
LOAD c:/st/stm32cubeide_1.11.0/stm32cubeide/plugins/com.st.stm32cube.ide.mcu.externaltools.gnu-tools-for-stm32.10.3-2021.10.win32_1.0.100.202210260954/tools/bin/../lib/gcc/arm-none-eabi/10.3.1/../../../../arm-none-eabi/lib/thumb/v7e-m/nofp\libnosys.a
END GROUP
LOAD c:/st/stm32cubeide_1.11.0/stm32cubeide/plugins/com.st.stm32cube.ide.mcu.externaltools.gnu-tools-for-stm32.10.3-2021.10.win32_1.0.100.202210260954/tools/bin/../lib/gcc/arm-none-eabi/10.3.1/thumb/v7e-m/nofp/crtend.o
LOAD c:/st/stm32cubeide_1.11.0/stm32cubeide/plugins/com.st.stm32cube.ide.mcu.externaltools.gnu-tools-for-stm32.10.3-2021.10.win32_1.0.100.202210260954/tools/bin/../lib/gcc/arm-none-eabi/10.3.1/thumb/v7e-m/nofp/crtn.o
                0x0000000020010000                _estack = (ORIGIN (RAM) + LENGTH (RAM))
                0x0000000000000200                _Min_Heap_Size = 0x200
                0x0000000000000400                _Min_Stack_Size = 0x400

.isr_vector     0x0000000008000000      0x138
                0x0000000008000000                . = ALIGN (0x4)
 *(.isr_vector)
 .isr_vector    0x0000000008000000      0x138 ./Core/Startup/startup_stm32wl55jcix.o
                0x0000000008000000                g_pfnVectors
                0x0000000008000138                . = ALIGN (0x4)

.text           0x0000000008000140     0x9268
                0x0000000008000140                . = ALIGN (0x4)
 *(.text)
 .text          0x0000000008000140       0x40 c:/st/stm32cubeide_1.11.0/stm32cubeide/plugins/com.st.stm32cube.ide.mcu.externaltools.gnu-tools-for-stm32.10.3-2021.10.win32_1.0.100.202210260954/tools/bin/../lib/gcc/arm-none-eabi/10.3.1/thumb/v7e-m/nofp/crtbegin.o
 .text          0x0000000008000180       0x10 c:/st/stm32cubeide_1.11.0/stm32cubeide/plugins/com.st.stm32cube.ide.mcu.externaltools.gnu-tools-for-stm32.10.3-2021.10.win32_1.0.100.202210260954/tools/bin/../lib/gcc/arm-none-eabi/10.3.1/../../../../arm-none-eabi/lib/thumb/v7e-m/nofp\libc_nano.a(lib_a-strlen.o)
                0x0000000008000180                strlen
 .text          0x0000000008000190       0xa0 c:/st/stm32cubeide_1.11.0/stm32cubeide/plugins/com.st.stm32cube.ide.mcu.externaltools.gnu-tools-for-stm32.10.3-2021.10.win32_1.0.100.202210260954/tools/bin/../lib/gcc/arm-none-eabi/10.3.1/../../../../arm-none-eabi/lib/thumb/v7e-m/nofp\libc_nano.a(lib_a-memchr.o)
                0x0000000008000190                memchr
 .text          0x0000000008000230       0x30 c:/st/stm32cubeide_1.11.0/stm32cubeide/plugins/com.st.stm32cube.ide.mcu.externaltools.gnu-tools-for-stm32.10.3-2021.10.win32_1.0.100.202210260954/tools/bin/../lib/gcc/arm-none-eabi/10.3.1/thumb/v7e-m/nofp\libgcc.a(_aeabi_uldivmod.o)
                0x0000000008000230                __aeabi_uldivmod
 .text          0x0000000008000260      0x2d0 c:/st/stm32cubeide_1.11.0/stm32cubeide/plugins/com.st.stm32cube.ide.mcu.externaltools.gnu-tools-for-stm32.10.3-2021.10.win32_1.0.100.202210260954/tools/bin/../lib/gcc/arm-none-eabi/10.3.1/thumb/v7e-m/nofp\libgcc.a(_udivmoddi4.o)
                0x0000000008000260                __udivmoddi4
 .text          0x0000000008000530        0x4 c:/st/stm32cubeide_1.11.0/stm32cubeide/plugins/com.st.stm32cube.ide.mcu.externaltools.gnu-tools-for-stm32.10.3-2021.10.win32_1.0.100.202210260954/tools/bin/../lib/gcc/arm-none-eabi/10.3.1/thumb/v7e-m/nofp\libgcc.a(_dvmd_tls.o)
                0x0000000008000530                __aeabi_idiv0
                0x0000000008000530                __aeabi_ldiv0
 *(.text*)
 .text.LL_AHB3_GRP1_EnableClock
                0x0000000008000534       0x30 ./Core/Src/aes.o
 .text.MX_AES_Init
                0x0000000008000564       0x58 ./Core/Src/aes.o
                0x0000000008000564                MX_AES_Init
 .text.HAL_CRYP_MspInit
                0x00000000080005bc       0x28 ./Core/Src/aes.o
                0x00000000080005bc                HAL_CRYP_MspInit
 .text.vApplicationGetIdleTaskMemory
                0x00000000080005e4       0x34 ./Core/Src/app_freertos.o
                0x00000000080005e4                vApplicationGetIdleTaskMemory
 .text.MX_FREERTOS_Init
                0x0000000008000618       0x68 ./Core/Src/app_freertos.o
                0x0000000008000618                MX_FREERTOS_Init
 .text.StartLoraTask
                0x0000000008000680       0x14 ./Core/Src/app_freertos.o
                0x0000000008000680                StartLoraTask
 .text.StartGPIOTask
                0x0000000008000694        0xa ./Core/Src/app_freertos.o
                0x0000000008000694                StartGPIOTask
 .text.LL_AHB1_GRP1_EnableClock
                0x000000000800069e       0x30 ./Core/Src/dma.o
 .text.MX_DMA_Init
                0x00000000080006ce       0x24 ./Core/Src/dma.o
                0x00000000080006ce                MX_DMA_Init
 .text.LL_AHB2_GRP1_EnableClock
                0x00000000080006f2       0x30 ./Core/Src/gpio.o
 *fill*         0x0000000008000722        0x2 
 .text.MX_GPIO_Init
                0x0000000008000724       0xe4 ./Core/Src/gpio.o
                0x0000000008000724                MX_GPIO_Init
 .text.LL_RCC_LSE_SetDriveCapability
                0x0000000008000808       0x2a ./Core/Src/main.o
 .text.main     0x0000000008000832       0x36 ./Core/Src/main.o
                0x0000000008000832                main
 .text.SystemClock_Config
                0x0000000008000868       0xb0 ./Core/Src/main.o
                0x0000000008000868                SystemClock_Config
 .text.HAL_GPIO_EXTI_Callback
                0x0000000008000918       0x7c ./Core/Src/main.o
                0x0000000008000918                HAL_GPIO_EXTI_Callback
 .text.HAL_TIM_PeriodElapsedCallback
                0x0000000008000994       0x24 ./Core/Src/main.o
                0x0000000008000994                HAL_TIM_PeriodElapsedCallback
 .text.Error_Handler
                0x00000000080009b8        0xa ./Core/Src/main.o
                0x00000000080009b8                Error_Handler
 .text.HAL_MspInit
                0x00000000080009c2       0x14 ./Core/Src/stm32wlxx_hal_msp.o
                0x00000000080009c2                HAL_MspInit
 .text.LL_APB2_GRP1_EnableClock
                0x00000000080009d6       0x30 ./Core/Src/stm32wlxx_hal_timebase_tim.o
 *fill*         0x0000000008000a06        0x2 
 .text.HAL_InitTick
                0x0000000008000a08       0xcc ./Core/Src/stm32wlxx_hal_timebase_tim.o
                0x0000000008000a08                HAL_InitTick
 .text.NMI_Handler
                0x0000000008000ad4        0x6 ./Core/Src/stm32wlxx_it.o
                0x0000000008000ad4                NMI_Handler
 .text.HardFault_Handler
                0x0000000008000ada        0x6 ./Core/Src/stm32wlxx_it.o
                0x0000000008000ada                HardFault_Handler
 .text.MemManage_Handler
                0x0000000008000ae0        0x6 ./Core/Src/stm32wlxx_it.o
                0x0000000008000ae0                MemManage_Handler
 .text.BusFault_Handler
                0x0000000008000ae6        0x6 ./Core/Src/stm32wlxx_it.o
                0x0000000008000ae6                BusFault_Handler
 .text.UsageFault_Handler
                0x0000000008000aec        0x6 ./Core/Src/stm32wlxx_it.o
                0x0000000008000aec                UsageFault_Handler
 .text.DebugMon_Handler
                0x0000000008000af2        0xc ./Core/Src/stm32wlxx_it.o
                0x0000000008000af2                DebugMon_Handler
 .text.EXTI0_IRQHandler
                0x0000000008000afe        0xe ./Core/Src/stm32wlxx_it.o
                0x0000000008000afe                EXTI0_IRQHandler
 .text.EXTI1_IRQHandler
                0x0000000008000b0c        0xe ./Core/Src/stm32wlxx_it.o
                0x0000000008000b0c                EXTI1_IRQHandler
 *fill*         0x0000000008000b1a        0x2 
 .text.DMA1_Channel1_IRQHandler
                0x0000000008000b1c       0x14 ./Core/Src/stm32wlxx_it.o
                0x0000000008000b1c                DMA1_Channel1_IRQHandler
 .text.EXTI9_5_IRQHandler
                0x0000000008000b30        0xe ./Core/Src/stm32wlxx_it.o
                0x0000000008000b30                EXTI9_5_IRQHandler
 *fill*         0x0000000008000b3e        0x2 
 .text.TIM17_IRQHandler
                0x0000000008000b40       0x14 ./Core/Src/stm32wlxx_it.o
                0x0000000008000b40                TIM17_IRQHandler
 .text.USART2_IRQHandler
                0x0000000008000b54       0x14 ./Core/Src/stm32wlxx_it.o
                0x0000000008000b54                USART2_IRQHandler
 .text.SUBGHZ_Radio_IRQHandler
                0x0000000008000b68       0x14 ./Core/Src/stm32wlxx_it.o
                0x0000000008000b68                SUBGHZ_Radio_IRQHandler
 .text.LL_APB3_GRP1_EnableClock
                0x0000000008000b7c       0x30 ./Core/Src/subghz.o
 .text.MX_SUBGHZ_Init
                0x0000000008000bac       0x24 ./Core/Src/subghz.o
                0x0000000008000bac                MX_SUBGHZ_Init
 .text.HAL_SUBGHZ_MspInit
                0x0000000008000bd0       0x26 ./Core/Src/subghz.o
                0x0000000008000bd0                HAL_SUBGHZ_MspInit
 *fill*         0x0000000008000bf6        0x2 
 .text.radioInit
                0x0000000008000bf8       0xd8 ./Core/Src/subghz.o
                0x0000000008000bf8                radioInit
 .text.RadioOnDioIrq
                0x0000000008000cd0       0x8c ./Core/Src/subghz.o
                0x0000000008000cd0                RadioOnDioIrq
 .text.eventTxDone
                0x0000000008000d5c       0x68 ./Core/Src/subghz.o
                0x0000000008000d5c                eventTxDone
 .text.eventRxDone
                0x0000000008000dc4      0x1d4 ./Core/Src/subghz.o
                0x0000000008000dc4                eventRxDone
 .text.eventTxTimeout
                0x0000000008000f98       0x68 ./Core/Src/subghz.o
                0x0000000008000f98                eventTxTimeout
 .text.eventRxTimeout
                0x0000000008001000       0x6c ./Core/Src/subghz.o
                0x0000000008001000                eventRxTimeout
 .text.eventRxError
                0x000000000800106c       0x6c ./Core/Src/subghz.o
                0x000000000800106c                eventRxError
 .text.enterMasterRx
                0x00000000080010d8       0x5c ./Core/Src/subghz.o
                0x00000000080010d8                enterMasterRx
 .text.enterSlaveRx
                0x0000000008001134       0x5c ./Core/Src/subghz.o
                0x0000000008001134                enterSlaveRx
 .text.enterMasterTx
                0x0000000008001190       0x8c ./Core/Src/subghz.o
                0x0000000008001190                enterMasterTx
 .text.enterSlaveTx
                0x000000000800121c       0x98 ./Core/Src/subghz.o
                0x000000000800121c                enterSlaveTx
 .text.transitionRxDone
                0x00000000080012b4       0x8c ./Core/Src/subghz.o
                0x00000000080012b4                transitionRxDone
 .text.fsmInit  0x0000000008001340       0xa4 ./Core/Src/subghz.o
                0x0000000008001340                fsmInit
 .text.SUBGHZ   0x00000000080013e4       0x2c ./Core/Src/subghz.o
                0x00000000080013e4                SUBGHZ
 .text._sbrk    0x0000000008001410       0x6c ./Core/Src/sysmem.o
                0x0000000008001410                _sbrk
 .text.SystemInit
                0x000000000800147c        0xc ./Core/Src/system_stm32wlxx.o
                0x000000000800147c                SystemInit
 .text.LL_AHB2_GRP1_EnableClock
                0x0000000008001488       0x30 ./Core/Src/usart.o
 .text.LL_APB1_GRP1_EnableClock
                0x00000000080014b8       0x30 ./Core/Src/usart.o
 .text.MX_USART2_UART_Init
                0x00000000080014e8       0x98 ./Core/Src/usart.o
                0x00000000080014e8                MX_USART2_UART_Init
 .text.HAL_UART_MspInit
                0x0000000008001580      0x108 ./Core/Src/usart.o
                0x0000000008001580                HAL_UART_MspInit
 .text.HAL_UARTEx_RxEventCallback
                0x0000000008001688       0x34 ./Core/Src/usart.o
                0x0000000008001688                HAL_UARTEx_RxEventCallback
 .text.UartDmaStart
                0x00000000080016bc       0x30 ./Core/Src/usart.o
                0x00000000080016bc                UartDmaStart
 .text.Reset_Handler
                0x00000000080016ec       0x50 ./Core/Startup/startup_stm32wl55jcix.o
                0x00000000080016ec                Reset_Handler
 .text.Default_Handler
                0x000000000800173c        0x2 ./Core/Startup/startup_stm32wl55jcix.o
                0x000000000800173c                RTC_Alarm_IRQHandler
                0x000000000800173c                EXTI2_IRQHandler
                0x000000000800173c                TIM1_CC_IRQHandler
                0x000000000800173c                EXTI3_IRQHandler
                0x000000000800173c                LPTIM2_IRQHandler
                0x000000000800173c                I2C3_ER_IRQHandler
                0x000000000800173c                LPTIM3_IRQHandler
                0x000000000800173c                I2C2_EV_IRQHandler
                0x000000000800173c                TAMP_STAMP_LSECSS_SSRU_IRQHandler
                0x000000000800173c                SPI1_IRQHandler
                0x000000000800173c                DMA2_Channel2_IRQHandler
                0x000000000800173c                DMA1_Channel4_IRQHandler
                0x000000000800173c                PKA_IRQHandler
                0x000000000800173c                DMA1_Channel7_IRQHandler
                0x000000000800173c                SUBGHZSPI_IRQHandler
                0x000000000800173c                IPCC_C1_TX_IRQHandler
                0x000000000800173c                DMA2_Channel1_IRQHandler
                0x000000000800173c                I2C1_EV_IRQHandler
                0x000000000800173c                DMAMUX1_OVR_IRQHandler
                0x000000000800173c                DMA1_Channel6_IRQHandler
                0x000000000800173c                TIM16_IRQHandler
                0x000000000800173c                DMA2_Channel4_IRQHandler
                0x000000000800173c                RCC_IRQHandler
                0x000000000800173c                TIM1_TRG_COM_IRQHandler
                0x000000000800173c                Default_Handler
                0x000000000800173c                DMA2_Channel7_IRQHandler
                0x000000000800173c                EXTI15_10_IRQHandler
                0x000000000800173c                IPCC_C1_RX_IRQHandler
                0x000000000800173c                ADC_IRQHandler
                0x000000000800173c                C2SEV_PWR_C2H_IRQHandler
                0x000000000800173c                I2C3_EV_IRQHandler
                0x000000000800173c                RTC_WKUP_IRQHandler
                0x000000000800173c                PVD_PVM_IRQHandler
                0x000000000800173c                SPI2_IRQHandler
                0x000000000800173c                DMA2_Channel5_IRQHandler
                0x000000000800173c                DMA1_Channel5_IRQHandler
                0x000000000800173c                EXTI4_IRQHandler
                0x000000000800173c                RNG_IRQHandler
                0x000000000800173c                DMA1_Channel3_IRQHandler
                0x000000000800173c                COMP_IRQHandler
                0x000000000800173c                HSEM_IRQHandler
                0x000000000800173c                TIM1_UP_IRQHandler
                0x000000000800173c                WWDG_IRQHandler
                0x000000000800173c                LPUART1_IRQHandler
                0x000000000800173c                DMA2_Channel6_IRQHandler
                0x000000000800173c                TIM2_IRQHandler
                0x000000000800173c                TIM1_BRK_IRQHandler
                0x000000000800173c                DAC_IRQHandler
                0x000000000800173c                AES_IRQHandler
                0x000000000800173c                I2C2_ER_IRQHandler
                0x000000000800173c                DMA1_Channel2_IRQHandler
                0x000000000800173c                FLASH_IRQHandler
                0x000000000800173c                USART1_IRQHandler
                0x000000000800173c                I2C1_ER_IRQHandler
                0x000000000800173c                LPTIM1_IRQHandler
                0x000000000800173c                DMA2_Channel3_IRQHandler
 *fill*         0x000000000800173e        0x2 
 .text.BSP_LED_Off
                0x0000000008001740       0x34 ./Drivers/BSP/STM32WLxx_Nucleo/stm32wlxx_nucleo.o
                0x0000000008001740                BSP_LED_Off
 .text.BSP_LED_Toggle
                0x0000000008001774       0x34 ./Drivers/BSP/STM32WLxx_Nucleo/stm32wlxx_nucleo.o
                0x0000000008001774                BSP_LED_Toggle
 .text.LL_AHB2_GRP1_EnableClock
                0x00000000080017a8       0x30 ./Drivers/BSP/STM32WLxx_Nucleo/stm32wlxx_nucleo_radio.o
 .text.BSP_RADIO_Init
                0x00000000080017d8       0x7c ./Drivers/BSP/STM32WLxx_Nucleo/stm32wlxx_nucleo_radio.o
                0x00000000080017d8                BSP_RADIO_Init
 .text.BSP_RADIO_ConfigRFSwitch
                0x0000000008001854       0xb8 ./Drivers/BSP/STM32WLxx_Nucleo/stm32wlxx_nucleo_radio.o
                0x0000000008001854                BSP_RADIO_ConfigRFSwitch
 .text.BSP_RADIO_GetTxConfig
                0x000000000800190c        0xe ./Drivers/BSP/STM32WLxx_Nucleo/stm32wlxx_nucleo_radio.o
                0x000000000800190c                BSP_RADIO_GetTxConfig
 .text.BSP_RADIO_IsTCXO
                0x000000000800191a        0xe ./Drivers/BSP/STM32WLxx_Nucleo/stm32wlxx_nucleo_radio.o
                0x000000000800191a                BSP_RADIO_IsTCXO
 .text.BSP_RADIO_IsDCDC
                0x0000000008001928        0xe ./Drivers/BSP/STM32WLxx_Nucleo/stm32wlxx_nucleo_radio.o
                0x0000000008001928                BSP_RADIO_IsDCDC
 .text.BSP_RADIO_GetRFOMaxPowerConfig
                0x0000000008001936       0x26 ./Drivers/BSP/STM32WLxx_Nucleo/stm32wlxx_nucleo_radio.o
                0x0000000008001936                BSP_RADIO_GetRFOMaxPowerConfig
 .text.RBI_Init
                0x000000000800195c        0xe ./Drivers/Radio/radio_board_if.o
                0x000000000800195c                RBI_Init
 .text.RBI_ConfigRFSwitch
                0x000000000800196a       0x1c ./Drivers/Radio/radio_board_if.o
                0x000000000800196a                RBI_ConfigRFSwitch
 .text.RBI_GetTxConfig
                0x0000000008001986        0xe ./Drivers/Radio/radio_board_if.o
                0x0000000008001986                RBI_GetTxConfig
 .text.RBI_IsTCXO
                0x0000000008001994        0xe ./Drivers/Radio/radio_board_if.o
                0x0000000008001994                RBI_IsTCXO
 .text.RBI_IsDCDC
                0x00000000080019a2        0xe ./Drivers/Radio/radio_board_if.o
                0x00000000080019a2                RBI_IsDCDC
 .text.RBI_GetRFOMaxPowerConfig
                0x00000000080019b0       0x1c ./Drivers/Radio/radio_board_if.o
                0x00000000080019b0                RBI_GetRFOMaxPowerConfig
 .text.SUBGRF_Init
                0x00000000080019cc       0x90 ./Drivers/Radio/radio_driver.o
                0x00000000080019cc                SUBGRF_Init
 .text.SUBGRF_GetOperatingMode
                0x0000000008001a5c       0x14 ./Drivers/Radio/radio_driver.o
                0x0000000008001a5c                SUBGRF_GetOperatingMode
 .text.SUBGRF_SetPayload
                0x0000000008001a70       0x20 ./Drivers/Radio/radio_driver.o
                0x0000000008001a70                SUBGRF_SetPayload
 .text.SUBGRF_GetPayload
                0x0000000008001a90       0x44 ./Drivers/Radio/radio_driver.o
                0x0000000008001a90                SUBGRF_GetPayload
 .text.SUBGRF_SendPayload
                0x0000000008001ad4       0x26 ./Drivers/Radio/radio_driver.o
                0x0000000008001ad4                SUBGRF_SendPayload
 .text.SUBGRF_SetCrcSeed
                0x0000000008001afa       0x40 ./Drivers/Radio/radio_driver.o
                0x0000000008001afa                SUBGRF_SetCrcSeed
 .text.SUBGRF_SetCrcPolynomial
                0x0000000008001b3a       0x40 ./Drivers/Radio/radio_driver.o
                0x0000000008001b3a                SUBGRF_SetCrcPolynomial
 .text.SUBGRF_GetRandom
                0x0000000008001b7a       0x8c ./Drivers/Radio/radio_driver.o
                0x0000000008001b7a                SUBGRF_GetRandom
 *fill*         0x0000000008001c06        0x2 
 .text.SUBGRF_SetStandby
                0x0000000008001c08       0x38 ./Drivers/Radio/radio_driver.o
                0x0000000008001c08                SUBGRF_SetStandby
 .text.SUBGRF_SetTx
                0x0000000008001c40       0x40 ./Drivers/Radio/radio_driver.o
                0x0000000008001c40                SUBGRF_SetTx
 .text.SUBGRF_SetRx
                0x0000000008001c80       0x40 ./Drivers/Radio/radio_driver.o
                0x0000000008001c80                SUBGRF_SetRx
 .text.SUBGRF_SetStopRxTimerOnPreambleDetect
                0x0000000008001cc0       0x1e ./Drivers/Radio/radio_driver.o
                0x0000000008001cc0                SUBGRF_SetStopRxTimerOnPreambleDetect
 .text.SUBGRF_SetRegulatorMode
                0x0000000008001cde       0x2e ./Drivers/Radio/radio_driver.o
                0x0000000008001cde                SUBGRF_SetRegulatorMode
 .text.SUBGRF_Calibrate
                0x0000000008001d0c       0x8c ./Drivers/Radio/radio_driver.o
                0x0000000008001d0c                SUBGRF_Calibrate
 .text.SUBGRF_CalibrateImage
                0x0000000008001d98       0x94 ./Drivers/Radio/radio_driver.o
                0x0000000008001d98                SUBGRF_CalibrateImage
 .text.SUBGRF_SetPaConfig
                0x0000000008001e2c       0x44 ./Drivers/Radio/radio_driver.o
                0x0000000008001e2c                SUBGRF_SetPaConfig
 .text.SUBGRF_SetDioIrqParams
                0x0000000008001e70       0x74 ./Drivers/Radio/radio_driver.o
                0x0000000008001e70                SUBGRF_SetDioIrqParams
 .text.SUBGRF_SetTcxoMode
                0x0000000008001ee4       0x42 ./Drivers/Radio/radio_driver.o
                0x0000000008001ee4                SUBGRF_SetTcxoMode
 *fill*         0x0000000008001f26        0x2 
 .text.SUBGRF_SetRfFrequency
                0x0000000008001f28       0x8c ./Drivers/Radio/radio_driver.o
                0x0000000008001f28                SUBGRF_SetRfFrequency
 .text.SUBGRF_SetPacketType
                0x0000000008001fb4       0x38 ./Drivers/Radio/radio_driver.o
                0x0000000008001fb4                SUBGRF_SetPacketType
 .text.SUBGRF_GetPacketType
                0x0000000008001fec       0x14 ./Drivers/Radio/radio_driver.o
                0x0000000008001fec                SUBGRF_GetPacketType
 .text.SUBGRF_SetTxParams
                0x0000000008002000      0x19a ./Drivers/Radio/radio_driver.o
                0x0000000008002000                SUBGRF_SetTxParams
 *fill*         0x000000000800219a        0x2 
 .text.SUBGRF_SetModulationParams
                0x000000000800219c      0x1a4 ./Drivers/Radio/radio_driver.o
                0x000000000800219c                SUBGRF_SetModulationParams
 .text.SUBGRF_SetPacketParams
                0x0000000008002340      0x140 ./Drivers/Radio/radio_driver.o
                0x0000000008002340                SUBGRF_SetPacketParams
 .text.SUBGRF_SetBufferBaseAddress
                0x0000000008002480       0x2e ./Drivers/Radio/radio_driver.o
                0x0000000008002480                SUBGRF_SetBufferBaseAddress
 *fill*         0x00000000080024ae        0x2 
 .text.SUBGRF_GetRxBufferStatus
                0x00000000080024b0       0x58 ./Drivers/Radio/radio_driver.o
                0x00000000080024b0                SUBGRF_GetRxBufferStatus
 .text.SUBGRF_GetPacketStatus
                0x0000000008002508       0xa4 ./Drivers/Radio/radio_driver.o
                0x0000000008002508                SUBGRF_GetPacketStatus
 .text.SUBGRF_WriteRegister
                0x00000000080025ac       0x28 ./Drivers/Radio/radio_driver.o
                0x00000000080025ac                SUBGRF_WriteRegister
 .text.SUBGRF_ReadRegister
                0x00000000080025d4       0x28 ./Drivers/Radio/radio_driver.o
                0x00000000080025d4                SUBGRF_ReadRegister
 .text.SUBGRF_WriteRegisters
                0x00000000080025fc       0x44 ./Drivers/Radio/radio_driver.o
                0x00000000080025fc                SUBGRF_WriteRegisters
 .text.SUBGRF_ReadRegisters
                0x0000000008002640       0x44 ./Drivers/Radio/radio_driver.o
                0x0000000008002640                SUBGRF_ReadRegisters
 .text.SUBGRF_WriteBuffer
                0x0000000008002684       0x44 ./Drivers/Radio/radio_driver.o
                0x0000000008002684                SUBGRF_WriteBuffer
 .text.SUBGRF_ReadBuffer
                0x00000000080026c8       0x44 ./Drivers/Radio/radio_driver.o
                0x00000000080026c8                SUBGRF_ReadBuffer
 .text.SUBGRF_WriteCommand
                0x000000000800270c       0x44 ./Drivers/Radio/radio_driver.o
                0x000000000800270c                SUBGRF_WriteCommand
 .text.SUBGRF_ReadCommand
                0x0000000008002750       0x44 ./Drivers/Radio/radio_driver.o
                0x0000000008002750                SUBGRF_ReadCommand
 .text.SUBGRF_SetSwitch
                0x0000000008002794       0x50 ./Drivers/Radio/radio_driver.o
                0x0000000008002794                SUBGRF_SetSwitch
 .text.SUBGRF_SetRfTxPower
                0x00000000080027e4       0x68 ./Drivers/Radio/radio_driver.o
                0x00000000080027e4                SUBGRF_SetRfTxPower
 .text.HAL_SUBGHZ_TxCpltCallback
                0x000000000800284c       0x1c ./Drivers/Radio/radio_driver.o
                0x000000000800284c                HAL_SUBGHZ_TxCpltCallback
 .text.HAL_SUBGHZ_RxCpltCallback
                0x0000000008002868       0x1c ./Drivers/Radio/radio_driver.o
                0x0000000008002868                HAL_SUBGHZ_RxCpltCallback
 .text.HAL_SUBGHZ_CRCErrorCallback
                0x0000000008002884       0x1c ./Drivers/Radio/radio_driver.o
                0x0000000008002884                HAL_SUBGHZ_CRCErrorCallback
 .text.HAL_SUBGHZ_CADStatusCallback
                0x00000000080028a0       0x3c ./Drivers/Radio/radio_driver.o
                0x00000000080028a0                HAL_SUBGHZ_CADStatusCallback
 .text.HAL_SUBGHZ_RxTxTimeoutCallback
                0x00000000080028dc       0x20 ./Drivers/Radio/radio_driver.o
                0x00000000080028dc                HAL_SUBGHZ_RxTxTimeoutCallback
 .text.HAL_SUBGHZ_HeaderErrorCallback
                0x00000000080028fc       0x1c ./Drivers/Radio/radio_driver.o
                0x00000000080028fc                HAL_SUBGHZ_HeaderErrorCallback
 .text.HAL_SUBGHZ_PreambleDetectedCallback
                0x0000000008002918       0x1c ./Drivers/Radio/radio_driver.o
                0x0000000008002918                HAL_SUBGHZ_PreambleDetectedCallback
 .text.HAL_SUBGHZ_SyncWordValidCallback
                0x0000000008002934       0x1c ./Drivers/Radio/radio_driver.o
                0x0000000008002934                HAL_SUBGHZ_SyncWordValidCallback
 .text.HAL_SUBGHZ_HeaderValidCallback
                0x0000000008002950       0x1c ./Drivers/Radio/radio_driver.o
                0x0000000008002950                HAL_SUBGHZ_HeaderValidCallback
 .text.HAL_SUBGHZ_LrFhssHopCallback
                0x000000000800296c       0x20 ./Drivers/Radio/radio_driver.o
                0x000000000800296c                HAL_SUBGHZ_LrFhssHopCallback
 .text.Radio_SMPS_Set
                0x000000000800298c       0x42 ./Drivers/Radio/radio_driver.o
 *fill*         0x00000000080029ce        0x2 
 .text.HAL_Init
                0x00000000080029d0       0x40 ./Drivers/STM32WLxx_HAL_Driver/Src/stm32wlxx_hal.o
                0x00000000080029d0                HAL_Init
 .text.HAL_IncTick
                0x0000000008002a10       0x24 ./Drivers/STM32WLxx_HAL_Driver/Src/stm32wlxx_hal.o
                0x0000000008002a10                HAL_IncTick
 .text.HAL_GetTick
                0x0000000008002a34       0x14 ./Drivers/STM32WLxx_HAL_Driver/Src/stm32wlxx_hal.o
                0x0000000008002a34                HAL_GetTick
 .text.HAL_Delay
                0x0000000008002a48       0x48 ./Drivers/STM32WLxx_HAL_Driver/Src/stm32wlxx_hal.o
                0x0000000008002a48                HAL_Delay
 .text.__NVIC_SetPriorityGrouping
                0x0000000008002a90       0x48 ./Drivers/STM32WLxx_HAL_Driver/Src/stm32wlxx_hal_cortex.o
 .text.__NVIC_GetPriorityGrouping
                0x0000000008002ad8       0x1c ./Drivers/STM32WLxx_HAL_Driver/Src/stm32wlxx_hal_cortex.o
 .text.__NVIC_EnableIRQ
                0x0000000008002af4       0x38 ./Drivers/STM32WLxx_HAL_Driver/Src/stm32wlxx_hal_cortex.o
 .text.__NVIC_SetPriority
                0x0000000008002b2c       0x54 ./Drivers/STM32WLxx_HAL_Driver/Src/stm32wlxx_hal_cortex.o
 .text.NVIC_EncodePriority
                0x0000000008002b80       0x64 ./Drivers/STM32WLxx_HAL_Driver/Src/stm32wlxx_hal_cortex.o
 .text.HAL_NVIC_SetPriorityGrouping
                0x0000000008002be4       0x16 ./Drivers/STM32WLxx_HAL_Driver/Src/stm32wlxx_hal_cortex.o
                0x0000000008002be4                HAL_NVIC_SetPriorityGrouping
 .text.HAL_NVIC_SetPriority
                0x0000000008002bfa       0x34 ./Drivers/STM32WLxx_HAL_Driver/Src/stm32wlxx_hal_cortex.o
                0x0000000008002bfa                HAL_NVIC_SetPriority
 .text.HAL_NVIC_EnableIRQ
                0x0000000008002c2e       0x1c ./Drivers/STM32WLxx_HAL_Driver/Src/stm32wlxx_hal_cortex.o
                0x0000000008002c2e                HAL_NVIC_EnableIRQ
 .text.HAL_CRYP_Init
                0x0000000008002c4a       0x76 ./Drivers/STM32WLxx_HAL_Driver/Src/stm32wlxx_hal_cryp.o
                0x0000000008002c4a                HAL_CRYP_Init
 .text.HAL_DMA_Init
                0x0000000008002cc0      0x150 ./Drivers/STM32WLxx_HAL_Driver/Src/stm32wlxx_hal_dma.o
                0x0000000008002cc0                HAL_DMA_Init
 .text.HAL_DMA_Start_IT
                0x0000000008002e10       0xfc ./Drivers/STM32WLxx_HAL_Driver/Src/stm32wlxx_hal_dma.o
                0x0000000008002e10                HAL_DMA_Start_IT
 .text.HAL_DMA_Abort
                0x0000000008002f0c       0xbc ./Drivers/STM32WLxx_HAL_Driver/Src/stm32wlxx_hal_dma.o
                0x0000000008002f0c                HAL_DMA_Abort
 .text.HAL_DMA_Abort_IT
                0x0000000008002fc8       0xbe ./Drivers/STM32WLxx_HAL_Driver/Src/stm32wlxx_hal_dma.o
                0x0000000008002fc8                HAL_DMA_Abort_IT
 *fill*         0x0000000008003086        0x2 
 .text.HAL_DMA_IRQHandler
                0x0000000008003088      0x18c ./Drivers/STM32WLxx_HAL_Driver/Src/stm32wlxx_hal_dma.o
                0x0000000008003088                HAL_DMA_IRQHandler
 .text.HAL_DMA_ConfigChannelAttributes
                0x0000000008003214       0x5e ./Drivers/STM32WLxx_HAL_Driver/Src/stm32wlxx_hal_dma.o
                0x0000000008003214                HAL_DMA_ConfigChannelAttributes
 .text.DMA_SetConfig
                0x0000000008003272       0x7a ./Drivers/STM32WLxx_HAL_Driver/Src/stm32wlxx_hal_dma.o
 .text.DMA_CalcDMAMUXChannelBaseAndMask
                0x00000000080032ec       0x90 ./Drivers/STM32WLxx_HAL_Driver/Src/stm32wlxx_hal_dma.o
 .text.DMA_CalcDMAMUXRequestGenBaseAndMask
                0x000000000800337c       0x48 ./Drivers/STM32WLxx_HAL_Driver/Src/stm32wlxx_hal_dma.o
 .text.HAL_GPIO_Init
                0x00000000080033c4      0x2c0 ./Drivers/STM32WLxx_HAL_Driver/Src/stm32wlxx_hal_gpio.o
                0x00000000080033c4                HAL_GPIO_Init
 .text.HAL_GPIO_WritePin
                0x0000000008003684       0x2e ./Drivers/STM32WLxx_HAL_Driver/Src/stm32wlxx_hal_gpio.o
                0x0000000008003684                HAL_GPIO_WritePin
 .text.HAL_GPIO_TogglePin
                0x00000000080036b2       0x32 ./Drivers/STM32WLxx_HAL_Driver/Src/stm32wlxx_hal_gpio.o
                0x00000000080036b2                HAL_GPIO_TogglePin
 .text.HAL_GPIO_EXTI_IRQHandler
                0x00000000080036e4       0x30 ./Drivers/STM32WLxx_HAL_Driver/Src/stm32wlxx_hal_gpio.o
                0x00000000080036e4                HAL_GPIO_EXTI_IRQHandler
 .text.HAL_PWR_EnableBkUpAccess
                0x0000000008003714       0x1c ./Drivers/STM32WLxx_HAL_Driver/Src/stm32wlxx_hal_pwr.o
                0x0000000008003714                HAL_PWR_EnableBkUpAccess
 .text.HAL_PWREx_GetVoltageRange
                0x0000000008003730       0x18 ./Drivers/STM32WLxx_HAL_Driver/Src/stm32wlxx_hal_pwr_ex.o
                0x0000000008003730                HAL_PWREx_GetVoltageRange
 .text.LL_PWR_IsEnabledBkUpAccess
                0x0000000008003748       0x24 ./Drivers/STM32WLxx_HAL_Driver/Src/stm32wlxx_hal_rcc.o
 .text.LL_RCC_HSE_EnableTcxo
                0x000000000800376c       0x1c ./Drivers/STM32WLxx_HAL_Driver/Src/stm32wlxx_hal_rcc.o
 .text.LL_RCC_HSE_DisableTcxo
                0x0000000008003788       0x1c ./Drivers/STM32WLxx_HAL_Driver/Src/stm32wlxx_hal_rcc.o
 .text.LL_RCC_HSE_IsEnabledDiv2
                0x00000000080037a4       0x22 ./Drivers/STM32WLxx_HAL_Driver/Src/stm32wlxx_hal_rcc.o
 .text.LL_RCC_HSE_Enable
                0x00000000080037c6       0x1c ./Drivers/STM32WLxx_HAL_Driver/Src/stm32wlxx_hal_rcc.o
 .text.LL_RCC_HSE_Disable
                0x00000000080037e2       0x1c ./Drivers/STM32WLxx_HAL_Driver/Src/stm32wlxx_hal_rcc.o
 .text.LL_RCC_HSE_IsReady
                0x00000000080037fe       0x22 ./Drivers/STM32WLxx_HAL_Driver/Src/stm32wlxx_hal_rcc.o
 .text.LL_RCC_HSI_Enable
                0x0000000008003820       0x1c ./Drivers/STM32WLxx_HAL_Driver/Src/stm32wlxx_hal_rcc.o
 .text.LL_RCC_HSI_Disable
                0x000000000800383c       0x1c ./Drivers/STM32WLxx_HAL_Driver/Src/stm32wlxx_hal_rcc.o
 .text.LL_RCC_HSI_IsReady
                0x0000000008003858       0x22 ./Drivers/STM32WLxx_HAL_Driver/Src/stm32wlxx_hal_rcc.o
 .text.LL_RCC_HSI_SetCalibTrimming
                0x000000000800387a       0x28 ./Drivers/STM32WLxx_HAL_Driver/Src/stm32wlxx_hal_rcc.o
 .text.LL_RCC_LSE_IsReady
                0x00000000080038a2       0x22 ./Drivers/STM32WLxx_HAL_Driver/Src/stm32wlxx_hal_rcc.o
 .text.LL_RCC_LSI_Enable
                0x00000000080038c4       0x20 ./Drivers/STM32WLxx_HAL_Driver/Src/stm32wlxx_hal_rcc.o
 .text.LL_RCC_LSI_Disable
                0x00000000080038e4       0x20 ./Drivers/STM32WLxx_HAL_Driver/Src/stm32wlxx_hal_rcc.o
 .text.LL_RCC_LSI_IsReady
                0x0000000008003904       0x22 ./Drivers/STM32WLxx_HAL_Driver/Src/stm32wlxx_hal_rcc.o
 .text.LL_RCC_MSI_Enable
                0x0000000008003926       0x1c ./Drivers/STM32WLxx_HAL_Driver/Src/stm32wlxx_hal_rcc.o
 .text.LL_RCC_MSI_Disable
                0x0000000008003942       0x1c ./Drivers/STM32WLxx_HAL_Driver/Src/stm32wlxx_hal_rcc.o
 .text.LL_RCC_MSI_IsReady
                0x000000000800395e       0x20 ./Drivers/STM32WLxx_HAL_Driver/Src/stm32wlxx_hal_rcc.o
 .text.LL_RCC_MSI_IsEnabledRangeSelect
                0x000000000800397e       0x20 ./Drivers/STM32WLxx_HAL_Driver/Src/stm32wlxx_hal_rcc.o
 .text.LL_RCC_MSI_GetRange
                0x000000000800399e       0x16 ./Drivers/STM32WLxx_HAL_Driver/Src/stm32wlxx_hal_rcc.o
 .text.LL_RCC_MSI_GetRangeAfterStandby
                0x00000000080039b4       0x18 ./Drivers/STM32WLxx_HAL_Driver/Src/stm32wlxx_hal_rcc.o
 .text.LL_RCC_MSI_SetCalibTrimming
                0x00000000080039cc       0x28 ./Drivers/STM32WLxx_HAL_Driver/Src/stm32wlxx_hal_rcc.o
 .text.LL_RCC_SetSysClkSource
                0x00000000080039f4       0x26 ./Drivers/STM32WLxx_HAL_Driver/Src/stm32wlxx_hal_rcc.o
 .text.LL_RCC_GetSysClkSource
                0x0000000008003a1a       0x16 ./Drivers/STM32WLxx_HAL_Driver/Src/stm32wlxx_hal_rcc.o
 .text.LL_RCC_SetAHBPrescaler
                0x0000000008003a30       0x26 ./Drivers/STM32WLxx_HAL_Driver/Src/stm32wlxx_hal_rcc.o
 .text.LL_C2_RCC_SetAHBPrescaler
                0x0000000008003a56       0x2a ./Drivers/STM32WLxx_HAL_Driver/Src/stm32wlxx_hal_rcc.o
 .text.LL_RCC_SetAHB3Prescaler
                0x0000000008003a80       0x2c ./Drivers/STM32WLxx_HAL_Driver/Src/stm32wlxx_hal_rcc.o
 .text.LL_RCC_SetAPB1Prescaler
                0x0000000008003aac       0x26 ./Drivers/STM32WLxx_HAL_Driver/Src/stm32wlxx_hal_rcc.o
 .text.LL_RCC_SetAPB2Prescaler
                0x0000000008003ad2       0x26 ./Drivers/STM32WLxx_HAL_Driver/Src/stm32wlxx_hal_rcc.o
 .text.LL_RCC_GetAHBPrescaler
                0x0000000008003af8       0x16 ./Drivers/STM32WLxx_HAL_Driver/Src/stm32wlxx_hal_rcc.o
 .text.LL_RCC_GetAHB3Prescaler
                0x0000000008003b0e       0x1a ./Drivers/STM32WLxx_HAL_Driver/Src/stm32wlxx_hal_rcc.o
 .text.LL_RCC_GetAPB1Prescaler
                0x0000000008003b28       0x16 ./Drivers/STM32WLxx_HAL_Driver/Src/stm32wlxx_hal_rcc.o
 .text.LL_RCC_GetAPB2Prescaler
                0x0000000008003b3e       0x16 ./Drivers/STM32WLxx_HAL_Driver/Src/stm32wlxx_hal_rcc.o
 .text.LL_RCC_PLL_Enable
                0x0000000008003b54       0x1c ./Drivers/STM32WLxx_HAL_Driver/Src/stm32wlxx_hal_rcc.o
 .text.LL_RCC_PLL_Disable
                0x0000000008003b70       0x1c ./Drivers/STM32WLxx_HAL_Driver/Src/stm32wlxx_hal_rcc.o
 .text.LL_RCC_PLL_IsReady
                0x0000000008003b8c       0x22 ./Drivers/STM32WLxx_HAL_Driver/Src/stm32wlxx_hal_rcc.o
 .text.LL_RCC_PLL_GetN
                0x0000000008003bae       0x18 ./Drivers/STM32WLxx_HAL_Driver/Src/stm32wlxx_hal_rcc.o
 .text.LL_RCC_PLL_GetR
                0x0000000008003bc6       0x16 ./Drivers/STM32WLxx_HAL_Driver/Src/stm32wlxx_hal_rcc.o
 .text.LL_RCC_PLL_GetDivider
                0x0000000008003bdc       0x16 ./Drivers/STM32WLxx_HAL_Driver/Src/stm32wlxx_hal_rcc.o
 .text.LL_RCC_PLL_GetMainSource
                0x0000000008003bf2       0x16 ./Drivers/STM32WLxx_HAL_Driver/Src/stm32wlxx_hal_rcc.o
 .text.LL_RCC_IsActiveFlag_HPRE
                0x0000000008003c08       0x22 ./Drivers/STM32WLxx_HAL_Driver/Src/stm32wlxx_hal_rcc.o
 .text.LL_RCC_IsActiveFlag_C2HPRE
                0x0000000008003c2a       0x24 ./Drivers/STM32WLxx_HAL_Driver/Src/stm32wlxx_hal_rcc.o
 .text.LL_RCC_IsActiveFlag_SHDHPRE
                0x0000000008003c4e       0x24 ./Drivers/STM32WLxx_HAL_Driver/Src/stm32wlxx_hal_rcc.o
 .text.LL_RCC_IsActiveFlag_PPRE1
                0x0000000008003c72       0x22 ./Drivers/STM32WLxx_HAL_Driver/Src/stm32wlxx_hal_rcc.o
 .text.LL_RCC_IsActiveFlag_PPRE2
                0x0000000008003c94       0x22 ./Drivers/STM32WLxx_HAL_Driver/Src/stm32wlxx_hal_rcc.o
 *fill*         0x0000000008003cb6        0x2 
 .text.HAL_RCC_OscConfig
                0x0000000008003cb8      0x704 ./Drivers/STM32WLxx_HAL_Driver/Src/stm32wlxx_hal_rcc.o
                0x0000000008003cb8                HAL_RCC_OscConfig
 .text.HAL_RCC_ClockConfig
                0x00000000080043bc      0x284 ./Drivers/STM32WLxx_HAL_Driver/Src/stm32wlxx_hal_rcc.o
                0x00000000080043bc                HAL_RCC_ClockConfig
 .text.HAL_RCC_GetSysClockFreq
                0x0000000008004640      0x140 ./Drivers/STM32WLxx_HAL_Driver/Src/stm32wlxx_hal_rcc.o
                0x0000000008004640                HAL_RCC_GetSysClockFreq
 .text.HAL_RCC_GetHCLKFreq
                0x0000000008004780       0x28 ./Drivers/STM32WLxx_HAL_Driver/Src/stm32wlxx_hal_rcc.o
                0x0000000008004780                HAL_RCC_GetHCLKFreq
 .text.HAL_RCC_GetPCLK1Freq
                0x00000000080047a8       0x24 ./Drivers/STM32WLxx_HAL_Driver/Src/stm32wlxx_hal_rcc.o
                0x00000000080047a8                HAL_RCC_GetPCLK1Freq
 .text.HAL_RCC_GetPCLK2Freq
                0x00000000080047cc       0x24 ./Drivers/STM32WLxx_HAL_Driver/Src/stm32wlxx_hal_rcc.o
                0x00000000080047cc                HAL_RCC_GetPCLK2Freq
 .text.HAL_RCC_GetClockConfig
                0x00000000080047f0       0x90 ./Drivers/STM32WLxx_HAL_Driver/Src/stm32wlxx_hal_rcc.o
                0x00000000080047f0                HAL_RCC_GetClockConfig
 .text.RCC_SetFlashLatencyFromMSIRange
                0x0000000008004880       0x60 ./Drivers/STM32WLxx_HAL_Driver/Src/stm32wlxx_hal_rcc.o
 .text.RCC_SetFlashLatency
                0x00000000080048e0      0x104 ./Drivers/STM32WLxx_HAL_Driver/Src/stm32wlxx_hal_rcc.o
 .text.LL_RCC_LSE_IsReady
                0x00000000080049e4       0x22 ./Drivers/STM32WLxx_HAL_Driver/Src/stm32wlxx_hal_rcc_ex.o
 .text.LL_RCC_SetUSARTClockSource
                0x0000000008004a06       0x30 ./Drivers/STM32WLxx_HAL_Driver/Src/stm32wlxx_hal_rcc_ex.o
 .text.LL_RCC_SetI2SClockSource
                0x0000000008004a36       0x2a ./Drivers/STM32WLxx_HAL_Driver/Src/stm32wlxx_hal_rcc_ex.o
 .text.LL_RCC_SetLPUARTClockSource
                0x0000000008004a60       0x2a ./Drivers/STM32WLxx_HAL_Driver/Src/stm32wlxx_hal_rcc_ex.o
 .text.LL_RCC_SetI2CClockSource
                0x0000000008004a8a       0x38 ./Drivers/STM32WLxx_HAL_Driver/Src/stm32wlxx_hal_rcc_ex.o
 .text.LL_RCC_SetLPTIMClockSource
                0x0000000008004ac2       0x32 ./Drivers/STM32WLxx_HAL_Driver/Src/stm32wlxx_hal_rcc_ex.o
 .text.LL_RCC_SetRNGClockSource
                0x0000000008004af4       0x2a ./Drivers/STM32WLxx_HAL_Driver/Src/stm32wlxx_hal_rcc_ex.o
 .text.LL_RCC_SetADCClockSource
                0x0000000008004b1e       0x2a ./Drivers/STM32WLxx_HAL_Driver/Src/stm32wlxx_hal_rcc_ex.o
 .text.LL_RCC_SetRTCClockSource
                0x0000000008004b48       0x2a ./Drivers/STM32WLxx_HAL_Driver/Src/stm32wlxx_hal_rcc_ex.o
 .text.LL_RCC_GetRTCClockSource
                0x0000000008004b72       0x18 ./Drivers/STM32WLxx_HAL_Driver/Src/stm32wlxx_hal_rcc_ex.o
 .text.LL_RCC_ForceBackupDomainReset
                0x0000000008004b8a       0x20 ./Drivers/STM32WLxx_HAL_Driver/Src/stm32wlxx_hal_rcc_ex.o
 .text.LL_RCC_ReleaseBackupDomainReset
                0x0000000008004baa       0x20 ./Drivers/STM32WLxx_HAL_Driver/Src/stm32wlxx_hal_rcc_ex.o
 *fill*         0x0000000008004bca        0x2 
 .text.HAL_RCCEx_PeriphCLKConfig
                0x0000000008004bcc      0x234 ./Drivers/STM32WLxx_HAL_Driver/Src/stm32wlxx_hal_rcc_ex.o
                0x0000000008004bcc                HAL_RCCEx_PeriphCLKConfig
 .text.LL_PWR_SetRadioBusyTrigger
                0x0000000008004e00       0x28 ./Drivers/STM32WLxx_HAL_Driver/Src/stm32wlxx_hal_subghz.o
 .text.LL_PWR_UnselectSUBGHZSPI_NSS
                0x0000000008004e28       0x20 ./Drivers/STM32WLxx_HAL_Driver/Src/stm32wlxx_hal_subghz.o
 .text.LL_PWR_SelectSUBGHZSPI_NSS
                0x0000000008004e48       0x20 ./Drivers/STM32WLxx_HAL_Driver/Src/stm32wlxx_hal_subghz.o
 .text.LL_PWR_ClearFlag_RFBUSY
                0x0000000008004e68       0x18 ./Drivers/STM32WLxx_HAL_Driver/Src/stm32wlxx_hal_subghz.o
 .text.LL_PWR_IsActiveFlag_RFBUSYS
                0x0000000008004e80       0x24 ./Drivers/STM32WLxx_HAL_Driver/Src/stm32wlxx_hal_subghz.o
 .text.LL_PWR_IsActiveFlag_RFBUSYMS
                0x0000000008004ea4       0x24 ./Drivers/STM32WLxx_HAL_Driver/Src/stm32wlxx_hal_subghz.o
 .text.LL_RCC_RF_DisableReset
                0x0000000008004ec8       0x20 ./Drivers/STM32WLxx_HAL_Driver/Src/stm32wlxx_hal_subghz.o
 .text.LL_RCC_IsRFUnderReset
                0x0000000008004ee8       0x24 ./Drivers/STM32WLxx_HAL_Driver/Src/stm32wlxx_hal_subghz.o
 .text.LL_EXTI_EnableIT_32_63
                0x0000000008004f0c       0x28 ./Drivers/STM32WLxx_HAL_Driver/Src/stm32wlxx_hal_subghz.o
 .text.HAL_SUBGHZ_Init
                0x0000000008004f34       0xc8 ./Drivers/STM32WLxx_HAL_Driver/Src/stm32wlxx_hal_subghz.o
                0x0000000008004f34                HAL_SUBGHZ_Init
 .text.HAL_SUBGHZ_WriteRegisters
                0x0000000008004ffc       0xbe ./Drivers/STM32WLxx_HAL_Driver/Src/stm32wlxx_hal_subghz.o
                0x0000000008004ffc                HAL_SUBGHZ_WriteRegisters
 .text.HAL_SUBGHZ_ReadRegisters
                0x00000000080050ba       0xc2 ./Drivers/STM32WLxx_HAL_Driver/Src/stm32wlxx_hal_subghz.o
                0x00000000080050ba                HAL_SUBGHZ_ReadRegisters
 .text.HAL_SUBGHZ_ExecSetCmd
                0x000000000800517c       0xbe ./Drivers/STM32WLxx_HAL_Driver/Src/stm32wlxx_hal_subghz.o
                0x000000000800517c                HAL_SUBGHZ_ExecSetCmd
 .text.HAL_SUBGHZ_ExecGetCmd
                0x000000000800523a       0xa8 ./Drivers/STM32WLxx_HAL_Driver/Src/stm32wlxx_hal_subghz.o
                0x000000000800523a                HAL_SUBGHZ_ExecGetCmd
 .text.HAL_SUBGHZ_WriteBuffer
                0x00000000080052e2       0xa6 ./Drivers/STM32WLxx_HAL_Driver/Src/stm32wlxx_hal_subghz.o
                0x00000000080052e2                HAL_SUBGHZ_WriteBuffer
 .text.HAL_SUBGHZ_ReadBuffer
                0x0000000008005388       0xb0 ./Drivers/STM32WLxx_HAL_Driver/Src/stm32wlxx_hal_subghz.o
                0x0000000008005388                HAL_SUBGHZ_ReadBuffer
 .text.HAL_SUBGHZ_IRQHandler
                0x0000000008005438      0x10e ./Drivers/STM32WLxx_HAL_Driver/Src/stm32wlxx_hal_subghz.o
                0x0000000008005438                HAL_SUBGHZ_IRQHandler
 *fill*         0x0000000008005546        0x2 
 .text.SUBGHZSPI_Init
                0x0000000008005548       0x40 ./Drivers/STM32WLxx_HAL_Driver/Src/stm32wlxx_hal_subghz.o
                0x0000000008005548                SUBGHZSPI_Init
 .text.SUBGHZSPI_Transmit
                0x0000000008005588       0xac ./Drivers/STM32WLxx_HAL_Driver/Src/stm32wlxx_hal_subghz.o
                0x0000000008005588                SUBGHZSPI_Transmit
 .text.SUBGHZSPI_Receive
                0x0000000008005634       0xb0 ./Drivers/STM32WLxx_HAL_Driver/Src/stm32wlxx_hal_subghz.o
                0x0000000008005634                SUBGHZSPI_Receive
 .text.SUBGHZ_CheckDeviceReady
                0x00000000080056e4       0x48 ./Drivers/STM32WLxx_HAL_Driver/Src/stm32wlxx_hal_subghz.o
                0x00000000080056e4                SUBGHZ_CheckDeviceReady
 .text.SUBGHZ_WaitOnBusy
                0x000000000800572c       0x5c ./Drivers/STM32WLxx_HAL_Driver/Src/stm32wlxx_hal_subghz.o
                0x000000000800572c                SUBGHZ_WaitOnBusy
 .text.HAL_TIM_Base_Init
                0x0000000008005788       0xae ./Drivers/STM32WLxx_HAL_Driver/Src/stm32wlxx_hal_tim.o
                0x0000000008005788                HAL_TIM_Base_Init
 .text.HAL_TIM_Base_MspInit
                0x0000000008005836       0x12 ./Drivers/STM32WLxx_HAL_Driver/Src/stm32wlxx_hal_tim.o
                0x0000000008005836                HAL_TIM_Base_MspInit
 .text.HAL_TIM_Base_Start_IT
                0x0000000008005848       0x98 ./Drivers/STM32WLxx_HAL_Driver/Src/stm32wlxx_hal_tim.o
                0x0000000008005848                HAL_TIM_Base_Start_IT
 .text.HAL_TIM_IRQHandler
                0x00000000080058e0      0x23e ./Drivers/STM32WLxx_HAL_Driver/Src/stm32wlxx_hal_tim.o
                0x00000000080058e0                HAL_TIM_IRQHandler
 .text.HAL_TIM_OC_DelayElapsedCallback
                0x0000000008005b1e       0x12 ./Drivers/STM32WLxx_HAL_Driver/Src/stm32wlxx_hal_tim.o
                0x0000000008005b1e                HAL_TIM_OC_DelayElapsedCallback
 .text.HAL_TIM_IC_CaptureCallback
                0x0000000008005b30       0x12 ./Drivers/STM32WLxx_HAL_Driver/Src/stm32wlxx_hal_tim.o
                0x0000000008005b30                HAL_TIM_IC_CaptureCallback
 .text.HAL_TIM_PWM_PulseFinishedCallback
                0x0000000008005b42       0x12 ./Drivers/STM32WLxx_HAL_Driver/Src/stm32wlxx_hal_tim.o
                0x0000000008005b42                HAL_TIM_PWM_PulseFinishedCallback
 .text.HAL_TIM_TriggerCallback
                0x0000000008005b54       0x12 ./Drivers/STM32WLxx_HAL_Driver/Src/stm32wlxx_hal_tim.o
                0x0000000008005b54                HAL_TIM_TriggerCallback
 *fill*         0x0000000008005b66        0x2 
 .text.TIM_Base_SetConfig
                0x0000000008005b68       0xc4 ./Drivers/STM32WLxx_HAL_Driver/Src/stm32wlxx_hal_tim.o
                0x0000000008005b68                TIM_Base_SetConfig
 .text.HAL_TIMEx_CommutCallback
                0x0000000008005c2c       0x12 ./Drivers/STM32WLxx_HAL_Driver/Src/stm32wlxx_hal_tim_ex.o
                0x0000000008005c2c                HAL_TIMEx_CommutCallback
 .text.HAL_TIMEx_BreakCallback
                0x0000000008005c3e       0x12 ./Drivers/STM32WLxx_HAL_Driver/Src/stm32wlxx_hal_tim_ex.o
                0x0000000008005c3e                HAL_TIMEx_BreakCallback
 .text.HAL_TIMEx_Break2Callback
                0x0000000008005c50       0x12 ./Drivers/STM32WLxx_HAL_Driver/Src/stm32wlxx_hal_tim_ex.o
                0x0000000008005c50                HAL_TIMEx_Break2Callback
 .text.LL_RCC_GetUSARTClockSource
                0x0000000008005c62       0x24 ./Drivers/STM32WLxx_HAL_Driver/Src/stm32wlxx_hal_uart.o
 .text.LL_RCC_GetLPUARTClockSource
                0x0000000008005c86       0x1e ./Drivers/STM32WLxx_HAL_Driver/Src/stm32wlxx_hal_uart.o
 .text.HAL_UART_Init
                0x0000000008005ca4       0xa0 ./Drivers/STM32WLxx_HAL_Driver/Src/stm32wlxx_hal_uart.o
                0x0000000008005ca4                HAL_UART_Init
 .text.HAL_UART_Transmit
                0x0000000008005d44      0x10c ./Drivers/STM32WLxx_HAL_Driver/Src/stm32wlxx_hal_uart.o
                0x0000000008005d44                HAL_UART_Transmit
 .text.HAL_UART_IRQHandler
                0x0000000008005e50      0x648 ./Drivers/STM32WLxx_HAL_Driver/Src/stm32wlxx_hal_uart.o
                0x0000000008005e50                HAL_UART_IRQHandler
 .text.HAL_UART_TxCpltCallback
                0x0000000008006498       0x12 ./Drivers/STM32WLxx_HAL_Driver/Src/stm32wlxx_hal_uart.o
                0x0000000008006498                HAL_UART_TxCpltCallback
 .text.HAL_UART_RxCpltCallback
                0x00000000080064aa       0x12 ./Drivers/STM32WLxx_HAL_Driver/Src/stm32wlxx_hal_uart.o
                0x00000000080064aa                HAL_UART_RxCpltCallback
 .text.HAL_UART_RxHalfCpltCallback
                0x00000000080064bc       0x12 ./Drivers/STM32WLxx_HAL_Driver/Src/stm32wlxx_hal_uart.o
                0x00000000080064bc                HAL_UART_RxHalfCpltCallback
 .text.HAL_UART_ErrorCallback
                0x00000000080064ce       0x12 ./Drivers/STM32WLxx_HAL_Driver/Src/stm32wlxx_hal_uart.o
                0x00000000080064ce                HAL_UART_ErrorCallback
 .text.UART_SetConfig
                0x00000000080064e0      0x4e8 ./Drivers/STM32WLxx_HAL_Driver/Src/stm32wlxx_hal_uart.o
                0x00000000080064e0                UART_SetConfig
 .text.UART_AdvFeatureConfig
                0x00000000080069c8      0x142 ./Drivers/STM32WLxx_HAL_Driver/Src/stm32wlxx_hal_uart.o
                0x00000000080069c8                UART_AdvFeatureConfig
 .text.UART_CheckIdleState
                0x0000000008006b0a       0x9c ./Drivers/STM32WLxx_HAL_Driver/Src/stm32wlxx_hal_uart.o
                0x0000000008006b0a                UART_CheckIdleState
 .text.UART_WaitOnFlagUntilTimeout
                0x0000000008006ba6      0x190 ./Drivers/STM32WLxx_HAL_Driver/Src/stm32wlxx_hal_uart.o
                0x0000000008006ba6                UART_WaitOnFlagUntilTimeout
 *fill*         0x0000000008006d36        0x2 
 .text.UART_Start_Receive_DMA
                0x0000000008006d38      0x14c ./Drivers/STM32WLxx_HAL_Driver/Src/stm32wlxx_hal_uart.o
                0x0000000008006d38                UART_Start_Receive_DMA
 .text.UART_EndTxTransfer
                0x0000000008006e84       0x80 ./Drivers/STM32WLxx_HAL_Driver/Src/stm32wlxx_hal_uart.o
 .text.UART_EndRxTransfer
                0x0000000008006f04       0xca ./Drivers/STM32WLxx_HAL_Driver/Src/stm32wlxx_hal_uart.o
 .text.UART_DMAReceiveCplt
                0x0000000008006fce      0x12c ./Drivers/STM32WLxx_HAL_Driver/Src/stm32wlxx_hal_uart.o
 .text.UART_DMARxHalfCplt
                0x00000000080070fa       0x3e ./Drivers/STM32WLxx_HAL_Driver/Src/stm32wlxx_hal_uart.o
 .text.UART_DMAError
                0x0000000008007138       0x80 ./Drivers/STM32WLxx_HAL_Driver/Src/stm32wlxx_hal_uart.o
 .text.UART_DMAAbortOnError
                0x00000000080071b8       0x2c ./Drivers/STM32WLxx_HAL_Driver/Src/stm32wlxx_hal_uart.o
 .text.UART_EndTransmit_IT
                0x00000000080071e4       0x56 ./Drivers/STM32WLxx_HAL_Driver/Src/stm32wlxx_hal_uart.o
 .text.HAL_UARTEx_WakeupCallback
                0x000000000800723a       0x12 ./Drivers/STM32WLxx_HAL_Driver/Src/stm32wlxx_hal_uart_ex.o
                0x000000000800723a                HAL_UARTEx_WakeupCallback
 .text.HAL_UARTEx_RxFifoFullCallback
                0x000000000800724c       0x12 ./Drivers/STM32WLxx_HAL_Driver/Src/stm32wlxx_hal_uart_ex.o
                0x000000000800724c                HAL_UARTEx_RxFifoFullCallback
 .text.HAL_UARTEx_TxFifoEmptyCallback
                0x000000000800725e       0x12 ./Drivers/STM32WLxx_HAL_Driver/Src/stm32wlxx_hal_uart_ex.o
                0x000000000800725e                HAL_UARTEx_TxFifoEmptyCallback
 .text.HAL_UARTEx_DisableFifoMode
                0x0000000008007270       0x70 ./Drivers/STM32WLxx_HAL_Driver/Src/stm32wlxx_hal_uart_ex.o
                0x0000000008007270                HAL_UARTEx_DisableFifoMode
 .text.HAL_UARTEx_SetTxFifoThreshold
                0x00000000080072e0       0x7c ./Drivers/STM32WLxx_HAL_Driver/Src/stm32wlxx_hal_uart_ex.o
                0x00000000080072e0                HAL_UARTEx_SetTxFifoThreshold
 .text.HAL_UARTEx_SetRxFifoThreshold
                0x000000000800735c       0x7c ./Drivers/STM32WLxx_HAL_Driver/Src/stm32wlxx_hal_uart_ex.o
                0x000000000800735c                HAL_UARTEx_SetRxFifoThreshold
 .text.HAL_UARTEx_ReceiveToIdle_DMA
                0x00000000080073d8       0xa8 ./Drivers/STM32WLxx_HAL_Driver/Src/stm32wlxx_hal_uart_ex.o
                0x00000000080073d8                HAL_UARTEx_ReceiveToIdle_DMA
 .text.UARTEx_SetNbDataToProcess
                0x0000000008007480       0x98 ./Drivers/STM32WLxx_HAL_Driver/Src/stm32wlxx_hal_uart_ex.o
 .text.makeFreeRtosPriority
                0x0000000008007518       0x2e ./Middlewares/Third_Party/FreeRTOS/Source/CMSIS_RTOS/cmsis_os.o
 .text.osKernelStart
                0x0000000008007546        0xe ./Middlewares/Third_Party/FreeRTOS/Source/CMSIS_RTOS/cmsis_os.o
                0x0000000008007546                osKernelStart
 .text.osThreadCreate
                0x0000000008007554       0x98 ./Middlewares/Third_Party/FreeRTOS/Source/CMSIS_RTOS/cmsis_os.o
                0x0000000008007554                osThreadCreate
 .text.osDelay  0x00000000080075ec       0x28 ./Middlewares/Third_Party/FreeRTOS/Source/CMSIS_RTOS/cmsis_os.o
                0x00000000080075ec                osDelay
 .text.vListInitialise
                0x0000000008007614       0x3e ./Middlewares/Third_Party/FreeRTOS/Source/list.o
                0x0000000008007614                vListInitialise
 .text.vListInitialiseItem
                0x0000000008007652       0x18 ./Middlewares/Third_Party/FreeRTOS/Source/list.o
                0x0000000008007652                vListInitialiseItem
 .text.vListInsertEnd
                0x000000000800766a       0x46 ./Middlewares/Third_Party/FreeRTOS/Source/list.o
                0x000000000800766a                vListInsertEnd
 .text.vListInsert
                0x00000000080076b0       0x70 ./Middlewares/Third_Party/FreeRTOS/Source/list.o
                0x00000000080076b0                vListInsert
 .text.uxListRemove
                0x0000000008007720       0x52 ./Middlewares/Third_Party/FreeRTOS/Source/list.o
                0x0000000008007720                uxListRemove
 .text.xTaskCreateStatic
                0x0000000008007772       0xba ./Middlewares/Third_Party/FreeRTOS/Source/tasks.o
                0x0000000008007772                xTaskCreateStatic
 .text.xTaskCreate
                0x000000000800782c       0x8a ./Middlewares/Third_Party/FreeRTOS/Source/tasks.o
                0x000000000800782c                xTaskCreate
 *fill*         0x00000000080078b6        0x2 
 .text.prvInitialiseNewTask
                0x00000000080078b8      0x13c ./Middlewares/Third_Party/FreeRTOS/Source/tasks.o
 .text.prvAddNewTaskToReadyList
                0x00000000080079f4       0xd4 ./Middlewares/Third_Party/FreeRTOS/Source/tasks.o
 .text.vTaskDelay
                0x0000000008007ac8       0x68 ./Middlewares/Third_Party/FreeRTOS/Source/tasks.o
                0x0000000008007ac8                vTaskDelay
 .text.vTaskStartScheduler
                0x0000000008007b30       0xd4 ./Middlewares/Third_Party/FreeRTOS/Source/tasks.o
                0x0000000008007b30                vTaskStartScheduler
 .text.vTaskSuspendAll
                0x0000000008007c04       0x1c ./Middlewares/Third_Party/FreeRTOS/Source/tasks.o
                0x0000000008007c04                vTaskSuspendAll
 .text.xTaskResumeAll
                0x0000000008007c20      0x138 ./Middlewares/Third_Party/FreeRTOS/Source/tasks.o
                0x0000000008007c20                xTaskResumeAll
 .text.xTaskIncrementTick
                0x0000000008007d58      0x170 ./Middlewares/Third_Party/FreeRTOS/Source/tasks.o
                0x0000000008007d58                xTaskIncrementTick
 .text.vTaskSwitchContext
                0x0000000008007ec8       0xc4 ./Middlewares/Third_Party/FreeRTOS/Source/tasks.o
                0x0000000008007ec8                vTaskSwitchContext
 .text.prvIdleTask
                0x0000000008007f8c       0x30 ./Middlewares/Third_Party/FreeRTOS/Source/tasks.o
 .text.prvInitialiseTaskLists
                0x0000000008007fbc       0x80 ./Middlewares/Third_Party/FreeRTOS/Source/tasks.o
 .text.prvCheckTasksWaitingTermination
                0x000000000800803c       0x5c ./Middlewares/Third_Party/FreeRTOS/Source/tasks.o
 .text.prvDeleteTCB
                0x0000000008008098       0x68 ./Middlewares/Third_Party/FreeRTOS/Source/tasks.o
 .text.prvResetNextTaskUnblockTime
                0x0000000008008100       0x40 ./Middlewares/Third_Party/FreeRTOS/Source/tasks.o
 .text.prvAddCurrentTaskToDelayedList
                0x0000000008008140       0xcc ./Middlewares/Third_Party/FreeRTOS/Source/tasks.o
 .text.pxPortInitialiseStack
                0x000000000800820c       0x58 ./Middlewares/Third_Party/FreeRTOS/Source/portable/GCC/ARM_CM3/port.o
                0x000000000800820c                pxPortInitialiseStack
 .text.prvTaskExitError
                0x0000000008008264       0x58 ./Middlewares/Third_Party/FreeRTOS/Source/portable/GCC/ARM_CM3/port.o
 *fill*         0x00000000080082bc        0x4 
 .text.SVC_Handler
                0x00000000080082c0       0x28 ./Middlewares/Third_Party/FreeRTOS/Source/portable/GCC/ARM_CM3/port.o
                0x00000000080082c0                SVC_Handler
 .text.prvPortStartFirstTask
                0x00000000080082e8       0x20 ./Middlewares/Third_Party/FreeRTOS/Source/portable/GCC/ARM_CM3/port.o
 .text.xPortStartScheduler
                0x0000000008008308       0xe4 ./Middlewares/Third_Party/FreeRTOS/Source/portable/GCC/ARM_CM3/port.o
                0x0000000008008308                xPortStartScheduler
 .text.vPortEnterCritical
                0x00000000080083ec       0x60 ./Middlewares/Third_Party/FreeRTOS/Source/portable/GCC/ARM_CM3/port.o
                0x00000000080083ec                vPortEnterCritical
 .text.vPortExitCritical
                0x000000000800844c       0x50 ./Middlewares/Third_Party/FreeRTOS/Source/portable/GCC/ARM_CM3/port.o
                0x000000000800844c                vPortExitCritical
 *fill*         0x000000000800849c        0x4 
 .text.PendSV_Handler
                0x00000000080084a0       0x48 ./Middlewares/Third_Party/FreeRTOS/Source/portable/GCC/ARM_CM3/port.o
                0x00000000080084a0                PendSV_Handler
 .text.SysTick_Handler
                0x00000000080084e8       0x44 ./Middlewares/Third_Party/FreeRTOS/Source/portable/GCC/ARM_CM3/port.o
                0x00000000080084e8                SysTick_Handler
 .text.vPortSetupTimerInterrupt
                0x000000000800852c       0x44 ./Middlewares/Third_Party/FreeRTOS/Source/portable/GCC/ARM_CM3/port.o
                0x000000000800852c                vPortSetupTimerInterrupt
 .text.pvPortMalloc
                0x0000000008008570      0x188 ./Middlewares/Third_Party/FreeRTOS/Source/portable/MemMang/heap_4.o
                0x0000000008008570                pvPortMalloc
 .text.vPortFree
                0x00000000080086f8       0xb4 ./Middlewares/Third_Party/FreeRTOS/Source/portable/MemMang/heap_4.o
                0x00000000080086f8                vPortFree
 .text.prvHeapInit
                0x00000000080087ac       0xc4 ./Middlewares/Third_Party/FreeRTOS/Source/portable/MemMang/heap_4.o
 .text.prvInsertBlockIntoFreeList
                0x0000000008008870       0xb0 ./Middlewares/Third_Party/FreeRTOS/Source/portable/MemMang/heap_4.o
 .text.UTIL_MEM_set_8
                0x0000000008008920       0x36 ./Ultilities/misc/stm32_mem.o
                0x0000000008008920                UTIL_MEM_set_8
 *fill*         0x0000000008008956        0x2 
 .text.__errno  0x0000000008008958        0xc c:/st/stm32cubeide_1.11.0/stm32cubeide/plugins/com.st.stm32cube.ide.mcu.externaltools.gnu-tools-for-stm32.10.3-2021.10.win32_1.0.100.202210260954/tools/bin/../lib/gcc/arm-none-eabi/10.3.1/../../../../arm-none-eabi/lib/thumb/v7e-m/nofp\libc_nano.a(lib_a-errno.o)
                0x0000000008008958                __errno
 .text.__libc_init_array
                0x0000000008008964       0x48 c:/st/stm32cubeide_1.11.0/stm32cubeide/plugins/com.st.stm32cube.ide.mcu.externaltools.gnu-tools-for-stm32.10.3-2021.10.win32_1.0.100.202210260954/tools/bin/../lib/gcc/arm-none-eabi/10.3.1/../../../../arm-none-eabi/lib/thumb/v7e-m/nofp\libc_nano.a(lib_a-init.o)
                0x0000000008008964                __libc_init_array
 .text.__retarget_lock_acquire_recursive
                0x00000000080089ac        0x2 c:/st/stm32cubeide_1.11.0/stm32cubeide/plugins/com.st.stm32cube.ide.mcu.externaltools.gnu-tools-for-stm32.10.3-2021.10.win32_1.0.100.202210260954/tools/bin/../lib/gcc/arm-none-eabi/10.3.1/../../../../arm-none-eabi/lib/thumb/v7e-m/nofp\libc_nano.a(lib_a-lock.o)
                0x00000000080089ac                __retarget_lock_acquire_recursive
 .text.__retarget_lock_release_recursive
                0x00000000080089ae        0x2 c:/st/stm32cubeide_1.11.0/stm32cubeide/plugins/com.st.stm32cube.ide.mcu.externaltools.gnu-tools-for-stm32.10.3-2021.10.win32_1.0.100.202210260954/tools/bin/../lib/gcc/arm-none-eabi/10.3.1/../../../../arm-none-eabi/lib/thumb/v7e-m/nofp\libc_nano.a(lib_a-lock.o)
                0x00000000080089ae                __retarget_lock_release_recursive
 .text.memcpy   0x00000000080089b0       0x1c c:/st/stm32cubeide_1.11.0/stm32cubeide/plugins/com.st.stm32cube.ide.mcu.externaltools.gnu-tools-for-stm32.10.3-2021.10.win32_1.0.100.202210260954/tools/bin/../lib/gcc/arm-none-eabi/10.3.1/../../../../arm-none-eabi/lib/thumb/v7e-m/nofp\libc_nano.a(lib_a-memcpy-stub.o)
                0x00000000080089b0                memcpy
 .text.memset   0x00000000080089cc       0x10 c:/st/stm32cubeide_1.11.0/stm32cubeide/plugins/com.st.stm32cube.ide.mcu.externaltools.gnu-tools-for-stm32.10.3-2021.10.win32_1.0.100.202210260954/tools/bin/../lib/gcc/arm-none-eabi/10.3.1/../../../../arm-none-eabi/lib/thumb/v7e-m/nofp\libc_nano.a(lib_a-memset.o)
                0x00000000080089cc                memset
 .text.sbrk_aligned
                0x00000000080089dc       0x40 c:/st/stm32cubeide_1.11.0/stm32cubeide/plugins/com.st.stm32cube.ide.mcu.externaltools.gnu-tools-for-stm32.10.3-2021.10.win32_1.0.100.202210260954/tools/bin/../lib/gcc/arm-none-eabi/10.3.1/../../../../arm-none-eabi/lib/thumb/v7e-m/nofp\libc_nano.a(lib_a-nano-mallocr.o)
 .text._malloc_r
                0x0000000008008a1c       0xe8 c:/st/stm32cubeide_1.11.0/stm32cubeide/plugins/com.st.stm32cube.ide.mcu.externaltools.gnu-tools-for-stm32.10.3-2021.10.win32_1.0.100.202210260954/tools/bin/../lib/gcc/arm-none-eabi/10.3.1/../../../../arm-none-eabi/lib/thumb/v7e-m/nofp\libc_nano.a(lib_a-nano-mallocr.o)
                0x0000000008008a1c                _malloc_r
 .text.cleanup_glue
                0x0000000008008b04       0x1a c:/st/stm32cubeide_1.11.0/stm32cubeide/plugins/com.st.stm32cube.ide.mcu.externaltools.gnu-tools-for-stm32.10.3-2021.10.win32_1.0.100.202210260954/tools/bin/../lib/gcc/arm-none-eabi/10.3.1/../../../../arm-none-eabi/lib/thumb/v7e-m/nofp\libc_nano.a(lib_a-reent.o)
                0x0000000008008b04                cleanup_glue
 *fill*         0x0000000008008b1e        0x2 
 .text._reclaim_reent
                0x0000000008008b20       0xb8 c:/st/stm32cubeide_1.11.0/stm32cubeide/plugins/com.st.stm32cube.ide.mcu.externaltools.gnu-tools-for-stm32.10.3-2021.10.win32_1.0.100.202210260954/tools/bin/../lib/gcc/arm-none-eabi/10.3.1/../../../../arm-none-eabi/lib/thumb/v7e-m/nofp\libc_nano.a(lib_a-reent.o)
                0x0000000008008b20                _reclaim_reent
 .text._sbrk_r  0x0000000008008bd8       0x20 c:/st/stm32cubeide_1.11.0/stm32cubeide/plugins/com.st.stm32cube.ide.mcu.externaltools.gnu-tools-for-stm32.10.3-2021.10.win32_1.0.100.202210260954/tools/bin/../lib/gcc/arm-none-eabi/10.3.1/../../../../arm-none-eabi/lib/thumb/v7e-m/nofp\libc_nano.a(lib_a-sbrkr.o)
                0x0000000008008bd8                _sbrk_r
 .text.sprintf  0x0000000008008bf8       0x40 c:/st/stm32cubeide_1.11.0/stm32cubeide/plugins/com.st.stm32cube.ide.mcu.externaltools.gnu-tools-for-stm32.10.3-2021.10.win32_1.0.100.202210260954/tools/bin/../lib/gcc/arm-none-eabi/10.3.1/../../../../arm-none-eabi/lib/thumb/v7e-m/nofp\libc_nano.a(lib_a-sprintf.o)
                0x0000000008008bf8                siprintf
                0x0000000008008bf8                sprintf
 .text.strncmp  0x0000000008008c38       0x28 c:/st/stm32cubeide_1.11.0/stm32cubeide/plugins/com.st.stm32cube.ide.mcu.externaltools.gnu-tools-for-stm32.10.3-2021.10.win32_1.0.100.202210260954/tools/bin/../lib/gcc/arm-none-eabi/10.3.1/../../../../arm-none-eabi/lib/thumb/v7e-m/nofp\libc_nano.a(lib_a-strncmp.o)
                0x0000000008008c38                strncmp
 .text.__malloc_lock
                0x0000000008008c60        0xc c:/st/stm32cubeide_1.11.0/stm32cubeide/plugins/com.st.stm32cube.ide.mcu.externaltools.gnu-tools-for-stm32.10.3-2021.10.win32_1.0.100.202210260954/tools/bin/../lib/gcc/arm-none-eabi/10.3.1/../../../../arm-none-eabi/lib/thumb/v7e-m/nofp\libc_nano.a(lib_a-mlock.o)
                0x0000000008008c60                __malloc_lock
 .text.__malloc_unlock
                0x0000000008008c6c        0xc c:/st/stm32cubeide_1.11.0/stm32cubeide/plugins/com.st.stm32cube.ide.mcu.externaltools.gnu-tools-for-stm32.10.3-2021.10.win32_1.0.100.202210260954/tools/bin/../lib/gcc/arm-none-eabi/10.3.1/../../../../arm-none-eabi/lib/thumb/v7e-m/nofp\libc_nano.a(lib_a-mlock.o)
                0x0000000008008c6c                __malloc_unlock
 .text._free_r  0x0000000008008c78       0x94 c:/st/stm32cubeide_1.11.0/stm32cubeide/plugins/com.st.stm32cube.ide.mcu.externaltools.gnu-tools-for-stm32.10.3-2021.10.win32_1.0.100.202210260954/tools/bin/../lib/gcc/arm-none-eabi/10.3.1/../../../../arm-none-eabi/lib/thumb/v7e-m/nofp\libc_nano.a(lib_a-nano-freer.o)
                0x0000000008008c78                _free_r
 .text.__ssputs_r
                0x0000000008008d0c       0xb6 c:/st/stm32cubeide_1.11.0/stm32cubeide/plugins/com.st.stm32cube.ide.mcu.externaltools.gnu-tools-for-stm32.10.3-2021.10.win32_1.0.100.202210260954/tools/bin/../lib/gcc/arm-none-eabi/10.3.1/../../../../arm-none-eabi/lib/thumb/v7e-m/nofp\libc_nano.a(lib_a-nano-svfprintf.o)
                0x0000000008008d0c                __ssputs_r
 *fill*         0x0000000008008dc2        0x2 
 .text._svfprintf_r
                0x0000000008008dc4      0x200 c:/st/stm32cubeide_1.11.0/stm32cubeide/plugins/com.st.stm32cube.ide.mcu.externaltools.gnu-tools-for-stm32.10.3-2021.10.win32_1.0.100.202210260954/tools/bin/../lib/gcc/arm-none-eabi/10.3.1/../../../../arm-none-eabi/lib/thumb/v7e-m/nofp\libc_nano.a(lib_a-nano-svfprintf.o)
                0x0000000008008dc4                _svfiprintf_r
                0x0000000008008dc4                _svfprintf_r
 .text._printf_common
                0x0000000008008fc4       0xda c:/st/stm32cubeide_1.11.0/stm32cubeide/plugins/com.st.stm32cube.ide.mcu.externaltools.gnu-tools-for-stm32.10.3-2021.10.win32_1.0.100.202210260954/tools/bin/../lib/gcc/arm-none-eabi/10.3.1/../../../../arm-none-eabi/lib/thumb/v7e-m/nofp\libc_nano.a(lib_a-nano-vfprintf_i.o)
                0x0000000008008fc4                _printf_common
 *fill*         0x000000000800909e        0x2 
 .text._printf_i
                0x00000000080090a0      0x24c c:/st/stm32cubeide_1.11.0/stm32cubeide/plugins/com.st.stm32cube.ide.mcu.externaltools.gnu-tools-for-stm32.10.3-2021.10.win32_1.0.100.202210260954/tools/bin/../lib/gcc/arm-none-eabi/10.3.1/../../../../arm-none-eabi/lib/thumb/v7e-m/nofp\libc_nano.a(lib_a-nano-vfprintf_i.o)
                0x00000000080090a0                _printf_i
 .text.memmove  0x00000000080092ec       0x34 c:/st/stm32cubeide_1.11.0/stm32cubeide/plugins/com.st.stm32cube.ide.mcu.externaltools.gnu-tools-for-stm32.10.3-2021.10.win32_1.0.100.202210260954/tools/bin/../lib/gcc/arm-none-eabi/10.3.1/../../../../arm-none-eabi/lib/thumb/v7e-m/nofp\libc_nano.a(lib_a-memmove.o)
                0x00000000080092ec                memmove
 .text._realloc_r
                0x0000000008009320       0x5e c:/st/stm32cubeide_1.11.0/stm32cubeide/plugins/com.st.stm32cube.ide.mcu.externaltools.gnu-tools-for-stm32.10.3-2021.10.win32_1.0.100.202210260954/tools/bin/../lib/gcc/arm-none-eabi/10.3.1/../../../../arm-none-eabi/lib/thumb/v7e-m/nofp\libc_nano.a(lib_a-nano-reallocr.o)
                0x0000000008009320                _realloc_r
 .text._malloc_usable_size_r
                0x000000000800937e       0x10 c:/st/stm32cubeide_1.11.0/stm32cubeide/plugins/com.st.stm32cube.ide.mcu.externaltools.gnu-tools-for-stm32.10.3-2021.10.win32_1.0.100.202210260954/tools/bin/../lib/gcc/arm-none-eabi/10.3.1/../../../../arm-none-eabi/lib/thumb/v7e-m/nofp\libc_nano.a(lib_a-nano-msizer.o)
                0x000000000800937e                _malloc_usable_size_r
 *(.glue_7)
 .glue_7        0x000000000800938e        0x0 linker stubs
 *(.glue_7t)
 .glue_7t       0x000000000800938e        0x0 linker stubs
 *(.eh_frame)
 *fill*         0x000000000800938e        0x2 
 .eh_frame      0x0000000008009390        0x0 c:/st/stm32cubeide_1.11.0/stm32cubeide/plugins/com.st.stm32cube.ide.mcu.externaltools.gnu-tools-for-stm32.10.3-2021.10.win32_1.0.100.202210260954/tools/bin/../lib/gcc/arm-none-eabi/10.3.1/thumb/v7e-m/nofp/crtbegin.o
 *(.init)
 .init          0x0000000008009390        0x4 c:/st/stm32cubeide_1.11.0/stm32cubeide/plugins/com.st.stm32cube.ide.mcu.externaltools.gnu-tools-for-stm32.10.3-2021.10.win32_1.0.100.202210260954/tools/bin/../lib/gcc/arm-none-eabi/10.3.1/thumb/v7e-m/nofp/crti.o
                0x0000000008009390                _init
 .init          0x0000000008009394        0x8 c:/st/stm32cubeide_1.11.0/stm32cubeide/plugins/com.st.stm32cube.ide.mcu.externaltools.gnu-tools-for-stm32.10.3-2021.10.win32_1.0.100.202210260954/tools/bin/../lib/gcc/arm-none-eabi/10.3.1/thumb/v7e-m/nofp/crtn.o
 *(.fini)
 .fini          0x000000000800939c        0x4 c:/st/stm32cubeide_1.11.0/stm32cubeide/plugins/com.st.stm32cube.ide.mcu.externaltools.gnu-tools-for-stm32.10.3-2021.10.win32_1.0.100.202210260954/tools/bin/../lib/gcc/arm-none-eabi/10.3.1/thumb/v7e-m/nofp/crti.o
                0x000000000800939c                _fini
 .fini          0x00000000080093a0        0x8 c:/st/stm32cubeide_1.11.0/stm32cubeide/plugins/com.st.stm32cube.ide.mcu.externaltools.gnu-tools-for-stm32.10.3-2021.10.win32_1.0.100.202210260954/tools/bin/../lib/gcc/arm-none-eabi/10.3.1/thumb/v7e-m/nofp/crtn.o
                0x00000000080093a8                . = ALIGN (0x4)
                0x00000000080093a8                _etext = .

.vfp11_veneer   0x00000000080093a8        0x0
 .vfp11_veneer  0x00000000080093a8        0x0 linker stubs

.v4_bx          0x00000000080093a8        0x0
 .v4_bx         0x00000000080093a8        0x0 linker stubs

.iplt           0x00000000080093a8        0x0
 .iplt          0x00000000080093a8        0x0 c:/st/stm32cubeide_1.11.0/stm32cubeide/plugins/com.st.stm32cube.ide.mcu.externaltools.gnu-tools-for-stm32.10.3-2021.10.win32_1.0.100.202210260954/tools/bin/../lib/gcc/arm-none-eabi/10.3.1/thumb/v7e-m/nofp/crtbegin.o

.rodata         0x00000000080093a8      0x348
                0x00000000080093a8                . = ALIGN (0x4)
 *(.rodata)
 .rodata        0x00000000080093a8       0x50 ./Core/Src/app_freertos.o
 .rodata        0x00000000080093f8      0x13b ./Core/Src/subghz.o
 *fill*         0x0000000008009533        0x1 
 .rodata        0x0000000008009534       0x11 ./Drivers/Radio/radio_driver.o
 *fill*         0x0000000008009545        0x3 
 .rodata        0x0000000008009548       0x1c ./Drivers/STM32WLxx_HAL_Driver/Src/stm32wlxx_hal_rcc.o
 .rodata        0x0000000008009564        0x5 ./Middlewares/Third_Party/FreeRTOS/Source/tasks.o
 *(.rodata*)
 *fill*         0x0000000008009569        0x3 
 .rodata.pKeyAES
                0x000000000800956c       0x20 ./Core/Src/aes.o
 .rodata.AHBPrescTable
                0x000000000800958c       0x40 ./Core/Src/system_stm32wlxx.o
                0x000000000800958c                AHBPrescTable
 .rodata.APBPrescTable
                0x00000000080095cc       0x20 ./Core/Src/system_stm32wlxx.o
                0x00000000080095cc                APBPrescTable
 .rodata.MSIRangeTable
                0x00000000080095ec       0x40 ./Core/Src/system_stm32wlxx.o
                0x00000000080095ec                MSIRangeTable
 .rodata.LED_PIN
                0x000000000800962c        0x6 ./Drivers/BSP/STM32WLxx_Nucleo/stm32wlxx_nucleo.o
 *fill*         0x0000000008009632        0x2 
 .rodata.UARTPrescTable
                0x0000000008009634       0x18 ./Drivers/STM32WLxx_HAL_Driver/Src/stm32wlxx_hal_uart.o
                0x0000000008009634                UARTPrescTable
 .rodata.numerator.1
                0x000000000800964c        0x8 ./Drivers/STM32WLxx_HAL_Driver/Src/stm32wlxx_hal_uart_ex.o
 .rodata.denominator.0
                0x0000000008009654        0x8 ./Drivers/STM32WLxx_HAL_Driver/Src/stm32wlxx_hal_uart_ex.o
 .rodata.__sf_fake_stderr
                0x000000000800965c       0x20 c:/st/stm32cubeide_1.11.0/stm32cubeide/plugins/com.st.stm32cube.ide.mcu.externaltools.gnu-tools-for-stm32.10.3-2021.10.win32_1.0.100.202210260954/tools/bin/../lib/gcc/arm-none-eabi/10.3.1/../../../../arm-none-eabi/lib/thumb/v7e-m/nofp\libc_nano.a(lib_a-findfp.o)
                0x000000000800965c                __sf_fake_stderr
 .rodata.__sf_fake_stdin
                0x000000000800967c       0x20 c:/st/stm32cubeide_1.11.0/stm32cubeide/plugins/com.st.stm32cube.ide.mcu.externaltools.gnu-tools-for-stm32.10.3-2021.10.win32_1.0.100.202210260954/tools/bin/../lib/gcc/arm-none-eabi/10.3.1/../../../../arm-none-eabi/lib/thumb/v7e-m/nofp\libc_nano.a(lib_a-findfp.o)
                0x000000000800967c                __sf_fake_stdin
 .rodata.__sf_fake_stdout
                0x000000000800969c       0x20 c:/st/stm32cubeide_1.11.0/stm32cubeide/plugins/com.st.stm32cube.ide.mcu.externaltools.gnu-tools-for-stm32.10.3-2021.10.win32_1.0.100.202210260954/tools/bin/../lib/gcc/arm-none-eabi/10.3.1/../../../../arm-none-eabi/lib/thumb/v7e-m/nofp\libc_nano.a(lib_a-findfp.o)
                0x000000000800969c                __sf_fake_stdout
 .rodata._svfprintf_r.str1.1
                0x00000000080096bc       0x11 c:/st/stm32cubeide_1.11.0/stm32cubeide/plugins/com.st.stm32cube.ide.mcu.externaltools.gnu-tools-for-stm32.10.3-2021.10.win32_1.0.100.202210260954/tools/bin/../lib/gcc/arm-none-eabi/10.3.1/../../../../arm-none-eabi/lib/thumb/v7e-m/nofp\libc_nano.a(lib_a-nano-svfprintf.o)
 .rodata._printf_i.str1.1
                0x00000000080096cd       0x22 c:/st/stm32cubeide_1.11.0/stm32cubeide/plugins/com.st.stm32cube.ide.mcu.externaltools.gnu-tools-for-stm32.10.3-2021.10.win32_1.0.100.202210260954/tools/bin/../lib/gcc/arm-none-eabi/10.3.1/../../../../arm-none-eabi/lib/thumb/v7e-m/nofp\libc_nano.a(lib_a-nano-vfprintf_i.o)
                0x00000000080096f0                . = ALIGN (0x4)
 *fill*         0x00000000080096ef        0x1 

.ARM.extab      0x00000000080096f0        0x0
                0x00000000080096f0                . = ALIGN (0x4)
 *(.ARM.extab* .gnu.linkonce.armextab.*)
                0x00000000080096f0                . = ALIGN (0x4)

.ARM            0x00000000080096f0        0x8
                0x00000000080096f0                . = ALIGN (0x4)
                0x00000000080096f0                __exidx_start = .
 *(.ARM.exidx*)
 .ARM.exidx     0x00000000080096f0        0x8 c:/st/stm32cubeide_1.11.0/stm32cubeide/plugins/com.st.stm32cube.ide.mcu.externaltools.gnu-tools-for-stm32.10.3-2021.10.win32_1.0.100.202210260954/tools/bin/../lib/gcc/arm-none-eabi/10.3.1/thumb/v7e-m/nofp\libgcc.a(_udivmoddi4.o)
                0x00000000080096f8                __exidx_end = .
                0x00000000080096f8                . = ALIGN (0x4)

.rel.dyn        0x00000000080096f8        0x0
 .rel.iplt      0x00000000080096f8        0x0 c:/st/stm32cubeide_1.11.0/stm32cubeide/plugins/com.st.stm32cube.ide.mcu.externaltools.gnu-tools-for-stm32.10.3-2021.10.win32_1.0.100.202210260954/tools/bin/../lib/gcc/arm-none-eabi/10.3.1/thumb/v7e-m/nofp/crtbegin.o

.preinit_array  0x00000000080096f8        0x0
                0x00000000080096f8                . = ALIGN (0x4)
                0x00000000080096f8                PROVIDE (__preinit_array_start = .)
 *(.preinit_array*)
                0x00000000080096f8                PROVIDE (__preinit_array_end = .)
                0x00000000080096f8                . = ALIGN (0x4)

.init_array     0x00000000080096f8        0x4
                0x00000000080096f8                . = ALIGN (0x4)
                0x00000000080096f8                PROVIDE (__init_array_start = .)
 *(SORT_BY_NAME(.init_array.*))
 *(.init_array*)
 .init_array    0x00000000080096f8        0x4 c:/st/stm32cubeide_1.11.0/stm32cubeide/plugins/com.st.stm32cube.ide.mcu.externaltools.gnu-tools-for-stm32.10.3-2021.10.win32_1.0.100.202210260954/tools/bin/../lib/gcc/arm-none-eabi/10.3.1/thumb/v7e-m/nofp/crtbegin.o
                0x00000000080096fc                PROVIDE (__init_array_end = .)
                0x00000000080096fc                . = ALIGN (0x4)

.fini_array     0x00000000080096fc        0x4
                0x00000000080096fc                . = ALIGN (0x4)
                [!provide]                        PROVIDE (__fini_array_start = .)
 *(SORT_BY_NAME(.fini_array.*))
 *(.fini_array*)
 .fini_array    0x00000000080096fc        0x4 c:/st/stm32cubeide_1.11.0/stm32cubeide/plugins/com.st.stm32cube.ide.mcu.externaltools.gnu-tools-for-stm32.10.3-2021.10.win32_1.0.100.202210260954/tools/bin/../lib/gcc/arm-none-eabi/10.3.1/thumb/v7e-m/nofp/crtbegin.o
                [!provide]                        PROVIDE (__fini_array_end = .)
                0x0000000008009700                . = ALIGN (0x4)
                0x0000000008009700                _sidata = LOADADDR (.data)

.data           0x0000000020000000      0x184 load address 0x0000000008009700
                0x0000000020000000                . = ALIGN (0x4)
                0x0000000020000000                _sdata = .
 *(.data)
 *(.data*)
 .data.RF_FREQUENCY
                0x0000000020000000        0x4 ./Core/Src/subghz.o
                0x0000000020000000                RF_FREQUENCY
 .data.SystemCoreClock
                0x0000000020000004        0x4 ./Core/Src/system_stm32wlxx.o
                0x0000000020000004                SystemCoreClock
 .data.rxBuffer
                0x0000000020000008       0xff ./Core/Src/usart.o
                0x0000000020000008                rxBuffer
 *fill*         0x0000000020000107        0x1 
 .data.LED_PORT
                0x0000000020000108        0xc ./Drivers/BSP/STM32WLxx_Nucleo/stm32wlxx_nucleo.o
 .data.uwTickPrio
                0x0000000020000114        0x4 ./Drivers/STM32WLxx_HAL_Driver/Src/stm32wlxx_hal.o
                0x0000000020000114                uwTickPrio
 .data.uwTickFreq
                0x0000000020000118        0x1 ./Drivers/STM32WLxx_HAL_Driver/Src/stm32wlxx_hal.o
                0x0000000020000118                uwTickFreq
 *fill*         0x0000000020000119        0x3 
 .data.uxCriticalNesting
                0x000000002000011c        0x4 ./Middlewares/Third_Party/FreeRTOS/Source/portable/GCC/ARM_CM3/port.o
 .data._impure_ptr
                0x0000000020000120        0x4 c:/st/stm32cubeide_1.11.0/stm32cubeide/plugins/com.st.stm32cube.ide.mcu.externaltools.gnu-tools-for-stm32.10.3-2021.10.win32_1.0.100.202210260954/tools/bin/../lib/gcc/arm-none-eabi/10.3.1/../../../../arm-none-eabi/lib/thumb/v7e-m/nofp\libc_nano.a(lib_a-impure.o)
                0x0000000020000120                _impure_ptr
 .data.impure_data
                0x0000000020000124       0x60 c:/st/stm32cubeide_1.11.0/stm32cubeide/plugins/com.st.stm32cube.ide.mcu.externaltools.gnu-tools-for-stm32.10.3-2021.10.win32_1.0.100.202210260954/tools/bin/../lib/gcc/arm-none-eabi/10.3.1/../../../../arm-none-eabi/lib/thumb/v7e-m/nofp\libc_nano.a(lib_a-impure.o)
 *(.RamFunc)
 *(.RamFunc*)
                0x0000000020000184                . = ALIGN (0x4)
                0x0000000020000184                _edata = .

.igot.plt       0x0000000020000184        0x0 load address 0x0000000008009884
 .igot.plt      0x0000000020000184        0x0 c:/st/stm32cubeide_1.11.0/stm32cubeide/plugins/com.st.stm32cube.ide.mcu.externaltools.gnu-tools-for-stm32.10.3-2021.10.win32_1.0.100.202210260954/tools/bin/../lib/gcc/arm-none-eabi/10.3.1/thumb/v7e-m/nofp/crtbegin.o
                0x0000000020000184                . = ALIGN (0x4)

.bss            0x0000000020000184     0x3200 load address 0x0000000008009884
                0x0000000020000184                _sbss = .
                0x0000000020000184                __bss_start__ = _sbss
 *(.bss)
 .bss           0x0000000020000184       0x1c c:/st/stm32cubeide_1.11.0/stm32cubeide/plugins/com.st.stm32cube.ide.mcu.externaltools.gnu-tools-for-stm32.10.3-2021.10.win32_1.0.100.202210260954/tools/bin/../lib/gcc/arm-none-eabi/10.3.1/thumb/v7e-m/nofp/crtbegin.o
 *(.bss*)
 .bss.hcryp     0x00000000200001a0      0x10c ./Core/Src/aes.o
                0x00000000200001a0                hcryp
 .bss.LoraTaskHandle
                0x00000000200002ac        0x4 ./Core/Src/app_freertos.o
                0x00000000200002ac                LoraTaskHandle
 .bss.GPIOTaskHandle
                0x00000000200002b0        0x4 ./Core/Src/app_freertos.o
                0x00000000200002b0                GPIOTaskHandle
 .bss.xIdleTaskTCBBuffer
                0x00000000200002b4       0xb4 ./Core/Src/app_freertos.o
 .bss.xIdleStack
                0x0000000020000368      0x400 ./Core/Src/app_freertos.o
 .bss.htim17    0x0000000020000768       0x4c ./Core/Src/stm32wlxx_hal_timebase_tim.o
                0x0000000020000768                htim17
 .bss.fsm       0x00000000200007b4      0x114 ./Core/Src/subghz.o
                0x00000000200007b4                fsm
 .bss.packetParams
                0x00000000200008c8       0x1c ./Core/Src/subghz.o
                0x00000000200008c8                packetParams
 .bss.eventReceptor
                0x00000000200008e4        0x4 ./Core/Src/subghz.o
                0x00000000200008e4                eventReceptor
 .bss.hsubghz   0x00000000200008e8        0xc ./Core/Src/subghz.o
                0x00000000200008e8                hsubghz
 .bss.__sbrk_heap_end
                0x00000000200008f4        0x4 ./Core/Src/sysmem.o
 .bss.rxBuffer_encypt
                0x00000000200008f8       0xff ./Core/Src/usart.o
                0x00000000200008f8                rxBuffer_encypt
 .bss.size      0x00000000200009f7        0x1 ./Core/Src/usart.o
                0x00000000200009f7                size
 .bss.uartBuff  0x00000000200009f8      0x400 ./Core/Src/usart.o
                0x00000000200009f8                uartBuff
 .bss.huart2    0x0000000020000df8       0x94 ./Core/Src/usart.o
                0x0000000020000df8                huart2
 .bss.hdma_usart2_rx
                0x0000000020000e8c       0x60 ./Core/Src/usart.o
                0x0000000020000e8c                hdma_usart2_rx
 .bss.OperatingMode
                0x0000000020000eec        0x1 ./Drivers/Radio/radio_driver.o
 .bss.PacketType
                0x0000000020000eed        0x1 ./Drivers/Radio/radio_driver.o
 .bss.LoRaHeaderType
                0x0000000020000eee        0x1 ./Drivers/Radio/radio_driver.o
 *fill*         0x0000000020000eef        0x1 
 .bss.FrequencyError
                0x0000000020000ef0        0x4 ./Drivers/Radio/radio_driver.o
                0x0000000020000ef0                FrequencyError
 .bss.ImageCalibrated
                0x0000000020000ef4        0x1 ./Drivers/Radio/radio_driver.o
 *fill*         0x0000000020000ef5        0x3 
 .bss.RadioOnDioIrqCb
                0x0000000020000ef8        0x4 ./Drivers/Radio/radio_driver.o
 .bss.uwTick    0x0000000020000efc        0x4 ./Drivers/STM32WLxx_HAL_Driver/Src/stm32wlxx_hal.o
                0x0000000020000efc                uwTick
 .bss.pxCurrentTCB
                0x0000000020000f00        0x4 ./Middlewares/Third_Party/FreeRTOS/Source/tasks.o
                0x0000000020000f00                pxCurrentTCB
 .bss.pxReadyTasksLists
                0x0000000020000f04       0x8c ./Middlewares/Third_Party/FreeRTOS/Source/tasks.o
 .bss.xDelayedTaskList1
                0x0000000020000f90       0x14 ./Middlewares/Third_Party/FreeRTOS/Source/tasks.o
 .bss.xDelayedTaskList2
                0x0000000020000fa4       0x14 ./Middlewares/Third_Party/FreeRTOS/Source/tasks.o
 .bss.pxDelayedTaskList
                0x0000000020000fb8        0x4 ./Middlewares/Third_Party/FreeRTOS/Source/tasks.o
 .bss.pxOverflowDelayedTaskList
                0x0000000020000fbc        0x4 ./Middlewares/Third_Party/FreeRTOS/Source/tasks.o
 .bss.xPendingReadyList
                0x0000000020000fc0       0x14 ./Middlewares/Third_Party/FreeRTOS/Source/tasks.o
 .bss.xTasksWaitingTermination
                0x0000000020000fd4       0x14 ./Middlewares/Third_Party/FreeRTOS/Source/tasks.o
 .bss.uxDeletedTasksWaitingCleanUp
                0x0000000020000fe8        0x4 ./Middlewares/Third_Party/FreeRTOS/Source/tasks.o
 .bss.xSuspendedTaskList
                0x0000000020000fec       0x14 ./Middlewares/Third_Party/FreeRTOS/Source/tasks.o
 .bss.uxCurrentNumberOfTasks
                0x0000000020001000        0x4 ./Middlewares/Third_Party/FreeRTOS/Source/tasks.o
 .bss.xTickCount
                0x0000000020001004        0x4 ./Middlewares/Third_Party/FreeRTOS/Source/tasks.o
 .bss.uxTopReadyPriority
                0x0000000020001008        0x4 ./Middlewares/Third_Party/FreeRTOS/Source/tasks.o
 .bss.xSchedulerRunning
                0x000000002000100c        0x4 ./Middlewares/Third_Party/FreeRTOS/Source/tasks.o
 .bss.uxPendedTicks
                0x0000000020001010        0x4 ./Middlewares/Third_Party/FreeRTOS/Source/tasks.o
 .bss.xYieldPending
                0x0000000020001014        0x4 ./Middlewares/Third_Party/FreeRTOS/Source/tasks.o
 .bss.xNumOfOverflows
                0x0000000020001018        0x4 ./Middlewares/Third_Party/FreeRTOS/Source/tasks.o
 .bss.uxTaskNumber
                0x000000002000101c        0x4 ./Middlewares/Third_Party/FreeRTOS/Source/tasks.o
 .bss.xNextTaskUnblockTime
                0x0000000020001020        0x4 ./Middlewares/Third_Party/FreeRTOS/Source/tasks.o
 .bss.xIdleTaskHandle
                0x0000000020001024        0x4 ./Middlewares/Third_Party/FreeRTOS/Source/tasks.o
 .bss.uxSchedulerSuspended
                0x0000000020001028        0x4 ./Middlewares/Third_Party/FreeRTOS/Source/tasks.o
 .bss.ucMaxSysCallPriority
                0x000000002000102c        0x1 ./Middlewares/Third_Party/FreeRTOS/Source/portable/GCC/ARM_CM3/port.o
 *fill*         0x000000002000102d        0x3 
 .bss.ulMaxPRIGROUPValue
                0x0000000020001030        0x4 ./Middlewares/Third_Party/FreeRTOS/Source/portable/GCC/ARM_CM3/port.o
 .bss.ucHeap    0x0000000020001034     0x2328 ./Middlewares/Third_Party/FreeRTOS/Source/portable/MemMang/heap_4.o
 .bss.xStart    0x000000002000335c        0x8 ./Middlewares/Third_Party/FreeRTOS/Source/portable/MemMang/heap_4.o
 .bss.pxEnd     0x0000000020003364        0x4 ./Middlewares/Third_Party/FreeRTOS/Source/portable/MemMang/heap_4.o
 .bss.xFreeBytesRemaining
                0x0000000020003368        0x4 ./Middlewares/Third_Party/FreeRTOS/Source/portable/MemMang/heap_4.o
 .bss.xMinimumEverFreeBytesRemaining
                0x000000002000336c        0x4 ./Middlewares/Third_Party/FreeRTOS/Source/portable/MemMang/heap_4.o
 .bss.xBlockAllocatedBit