../Drivers/STM32WLxx_HAL_Driver/Src/stm32wlxx_hal_cryp.c:449:19:HAL_CRYP_Init	16	static
../Drivers/STM32WLxx_HAL_Driver/Src/stm32wlxx_hal_cryp.c:517:19:HAL_CRYP_DeInit	16	static
../Drivers/STM32WLxx_HAL_Driver/Src/stm32wlxx_hal_cryp.c:570:19:HAL_CRYP_SetConfig	16	static
../Drivers/STM32WLxx_HAL_Driver/Src/stm32wlxx_hal_cryp.c:643:19:HAL_CRYP_GetConfig	16	static
../Drivers/STM32WLxx_HAL_Driver/Src/stm32wlxx_hal_cryp.c:697:13:HAL_CRYP_MspInit	16	static
../Drivers/STM32WLxx_HAL_Driver/Src/stm32wlxx_hal_cryp.c:713:13:HAL_CRYP_MspDeInit	16	static
../Drivers/STM32WLxx_HAL_Driver/Src/stm32wlxx_hal_cryp.c:919:6:HAL_CRYP_ProcessSuspend	16	static
../Drivers/STM32WLxx_HAL_Driver/Src/stm32wlxx_hal_cryp.c:935:19:HAL_CRYP_Suspend	32	static
../Drivers/STM32WLxx_HAL_Driver/Src/stm32wlxx_hal_cryp.c:1008:19:HAL_CRYP_Resume	24	static
../Drivers/STM32WLxx_HAL_Driver/Src/stm32wlxx_hal_cryp.c:1094:20:HAL_CRYP_SaveContext	16	static
../Drivers/STM32WLxx_HAL_Driver/Src/stm32wlxx_hal_cryp.c:1149:19:HAL_CRYP_RestoreContext	16	static
../Drivers/STM32WLxx_HAL_Driver/Src/stm32wlxx_hal_cryp.c:1310:19:HAL_CRYP_Encrypt	32	static
../Drivers/STM32WLxx_HAL_Driver/Src/stm32wlxx_hal_cryp.c:1410:19:HAL_CRYP_Decrypt	32	static
../Drivers/STM32WLxx_HAL_Driver/Src/stm32wlxx_hal_cryp.c:1509:19:HAL_CRYP_Encrypt_IT	32	static
../Drivers/STM32WLxx_HAL_Driver/Src/stm32wlxx_hal_cryp.c:1619:19:HAL_CRYP_Decrypt_IT	32	static
../Drivers/STM32WLxx_HAL_Driver/Src/stm32wlxx_hal_cryp.c:1728:19:HAL_CRYP_Encrypt_DMA	40	static
../Drivers/STM32WLxx_HAL_Driver/Src/stm32wlxx_hal_cryp.c:1855:19:HAL_CRYP_Decrypt_DMA	32	static
../Drivers/STM32WLxx_HAL_Driver/Src/stm32wlxx_hal_cryp.c:1964:6:HAL_CRYP_IRQHandler	16	static
../Drivers/STM32WLxx_HAL_Driver/Src/stm32wlxx_hal_cryp.c:2016:10:HAL_CRYP_GetError	16	static
../Drivers/STM32WLxx_HAL_Driver/Src/stm32wlxx_hal_cryp.c:2027:23:HAL_CRYP_GetState	16	static
../Drivers/STM32WLxx_HAL_Driver/Src/stm32wlxx_hal_cryp.c:2038:13:HAL_CRYP_InCpltCallback	16	static
../Drivers/STM32WLxx_HAL_Driver/Src/stm32wlxx_hal_cryp.c:2054:13:HAL_CRYP_OutCpltCallback	16	static
../Drivers/STM32WLxx_HAL_Driver/Src/stm32wlxx_hal_cryp.c:2070:13:HAL_CRYP_ErrorCallback	16	static
../Drivers/STM32WLxx_HAL_Driver/Src/stm32wlxx_hal_cryp.c:2098:26:CRYP_AES_Encrypt	24	static
../Drivers/STM32WLxx_HAL_Driver/Src/stm32wlxx_hal_cryp.c:2176:26:CRYP_AES_Encrypt_IT	24	static
../Drivers/STM32WLxx_HAL_Driver/Src/stm32wlxx_hal_cryp.c:2253:26:CRYP_AES_Decrypt	24	static
../Drivers/STM32WLxx_HAL_Driver/Src/stm32wlxx_hal_cryp.c:2424:26:CRYP_AES_Decrypt_IT	24	static
../Drivers/STM32WLxx_HAL_Driver/Src/stm32wlxx_hal_cryp.c:2553:26:CRYP_AES_Decrypt_DMA	24	static
../Drivers/STM32WLxx_HAL_Driver/Src/stm32wlxx_hal_cryp.c:2670:13:CRYP_DMAInCplt	96	static
../Drivers/STM32WLxx_HAL_Driver/Src/stm32wlxx_hal_cryp.c:2779:13:CRYP_DMAOutCplt	56	static
../Drivers/STM32WLxx_HAL_Driver/Src/stm32wlxx_hal_cryp.c:2890:13:CRYP_DMAError	24	static
../Drivers/STM32WLxx_HAL_Driver/Src/stm32wlxx_hal_cryp.c:2922:13:CRYP_SetDMAConfig	24	static
../Drivers/STM32WLxx_HAL_Driver/Src/stm32wlxx_hal_cryp.c:2984:26:CRYP_SetHeaderDMAConfig	24	static
../Drivers/STM32WLxx_HAL_Driver/Src/stm32wlxx_hal_cryp.c:3020:13:CRYP_AES_ProcessData	40	static
../Drivers/STM32WLxx_HAL_Driver/Src/stm32wlxx_hal_cryp.c:3082:13:CRYP_AES_IT	40	static
../Drivers/STM32WLxx_HAL_Driver/Src/stm32wlxx_hal_cryp.c:3196:13:CRYP_SetKey	16	static
../Drivers/STM32WLxx_HAL_Driver/Src/stm32wlxx_hal_cryp.c:3232:26:CRYP_AESGCM_Process	64	static
../Drivers/STM32WLxx_HAL_Driver/Src/stm32wlxx_hal_cryp.c:3435:26:CRYP_AESGCM_Process_IT	104	static
../Drivers/STM32WLxx_HAL_Driver/Src/stm32wlxx_hal_cryp.c:3801:26:CRYP_AESGCM_Process_DMA	24	static
../Drivers/STM32WLxx_HAL_Driver/Src/stm32wlxx_hal_cryp.c:3905:26:CRYP_AESCCM_Process	64	static
../Drivers/STM32WLxx_HAL_Driver/Src/stm32wlxx_hal_cryp.c:4104:26:CRYP_AESCCM_Process_IT	104	static
../Drivers/STM32WLxx_HAL_Driver/Src/stm32wlxx_hal_cryp.c:4462:26:CRYP_AESCCM_Process_DMA	24	static
../Drivers/STM32WLxx_HAL_Driver/Src/stm32wlxx_hal_cryp.c:4565:13:CRYP_GCMCCM_SetPayloadPhase_IT	56	static
../Drivers/STM32WLxx_HAL_Driver/Src/stm32wlxx_hal_cryp.c:4719:26:CRYP_GCMCCM_SetPayloadPhase_DMA	56	static
../Drivers/STM32WLxx_HAL_Driver/Src/stm32wlxx_hal_cryp.c:4853:26:CRYP_GCMCCM_SetHeaderPhase	88	static
../Drivers/STM32WLxx_HAL_Driver/Src/stm32wlxx_hal_cryp.c:5013:26:CRYP_GCMCCM_SetHeaderPhase_DMA	88	static
../Drivers/STM32WLxx_HAL_Driver/Src/stm32wlxx_hal_cryp.c:5131:13:CRYP_GCMCCM_SetHeaderPhase_IT	96	static
../Drivers/STM32WLxx_HAL_Driver/Src/stm32wlxx_hal_cryp.c:5331:26:CRYP_WaitOnCCFlag	24	static
../Drivers/STM32WLxx_HAL_Driver/Src/stm32wlxx_hal_cryp.c:5360:13:CRYP_ClearCCFlagWhenHigh	24	static
../Drivers/STM32WLxx_HAL_Driver/Src/stm32wlxx_hal_cryp.c:5404:13:CRYP_Read_IVRegisters	24	static
../Drivers/STM32WLxx_HAL_Driver/Src/stm32wlxx_hal_cryp.c:5427:13:CRYP_Write_IVRegisters	24	static
../Drivers/STM32WLxx_HAL_Driver/Src/stm32wlxx_hal_cryp.c:5450:13:CRYP_Read_SuspendRegisters	24	static
../Drivers/STM32WLxx_HAL_Driver/Src/stm32wlxx_hal_cryp.c:5508:13:CRYP_Write_SuspendRegisters	24	static
../Drivers/STM32WLxx_HAL_Driver/Src/stm32wlxx_hal_cryp.c:5539:13:CRYP_Read_KeyRegisters	32	static
../Drivers/STM32WLxx_HAL_Driver/Src/stm32wlxx_hal_cryp.c:5587:13:CRYP_Write_KeyRegisters	32	static
../Drivers/STM32WLxx_HAL_Driver/Src/stm32wlxx_hal_cryp.c:5618:13:CRYP_PhaseProcessingResume	32	static
