../Drivers/STM32WLxx_HAL_Driver/Inc/stm32wlxx_ll_bus.h:634:22:LL_AHB3_GRP1_EnableClock	24	static
../Drivers/STM32WLxx_HAL_Driver/Inc/stm32wlxx_ll_bus.h:720:22:LL_AHB3_GRP1_DisableClock	16	static
../Core/Src/aes.c:39:5:_write	24	static
../Core/Src/aes.c:67:6:MX_AES_Init	8	static
../Core/Src/aes.c:95:6:HAL_CRYP_MspInit	16	static
../Core/Src/aes.c:111:6:HAL_CRYP_MspDeInit	16	static
../Core/Src/aes.c:128:6:AES_start	8	static
../Core/Src/aes.c:168:6:print_array	24	static
../Core/Src/aes.c:176:6:AES_Encrypt	48	static
../Core/Src/aes.c:202:6:AES_Decrypt	48	static
