../Drivers/STM32WLxx_HAL_Driver/Inc/stm32wlxx_ll_bus.h:449:22:LL_AHB2_GRP1_EnableClock	24	static
../Drivers/STM32WLxx_HAL_Driver/Inc/stm32wlxx_ll_bus.h:1488:22:LL_APB3_GRP1_EnableClock	24	static
../Drivers/STM32WLxx_HAL_Driver/Inc/stm32wlxx_ll_bus.h:1516:22:LL_APB3_GRP1_DisableClock	16	static
../Core/Src/subghz.c:42:6:MX_SUBGHZ_Init	8	static
../Core/Src/subghz.c:63:6:HAL_SUBGHZ_MspInit	16	static
../Core/Src/subghz.c:80:6:HAL_SUBGHZ_MspDeInit	16	static
../Core/Src/subghz.c:97:6:radioInit	40	static
../Core/Src/subghz.c:143:6:RadioOnDioIrq	16	static
../Core/Src/subghz.c:177:6:eventTxDone	16	static
../Core/Src/subghz.c:215:6:eventRxDone	1040	static
../Core/Src/subghz.c:284:6:eventTxTimeout	16	static
../Core/Src/subghz.c:322:6:eventRxTimeout	16	static
../Core/Src/subghz.c:360:6:eventRxError	16	static
../Core/Src/subghz.c:398:6:enterMasterRx	16	static
../Core/Src/subghz.c:417:6:enterSlaveRx	16	static
../Core/Src/subghz.c:436:6:enterMasterTx	16	static
../Core/Src/subghz.c:460:6:enterSlaveTx	16	static
../Core/Src/subghz.c:490:6:transitionRxDone	88	static
../Core/Src/subghz.c:505:6:fsmInit	16	static
../Core/Src/subghz.c:533:6:RFGPIOInit	32	static
../Core/Src/subghz.c:567:6:SUBGHZ	8	static
